19:05:02 **** Incremental Build of configuration Debug for project 15_FREERTOS_LED_CONTROL_WITH_BUTTON ****
make -j8 all 
arm-none-eabi-gcc "../Middlewares/Third_Party/FreeRTOS/org/source/portable/MemMang/heap_4.c" -mcpu=cortex-m4 -std=gnu11 -g3 -DDEBUG -DUSE_HAL_DRIVER -DSTM32F407xx -c -I../Core/Inc -I"D:/Users/abdul/STM32CubeIDE/FreeRTOS_Examples/15_FREERTOS_LED_CONTROL_WITH_BUTTON/Middlewares/Third_Party/FreeRTOS/org/source/portable/MemMang" -I"D:/Users/abdul/STM32CubeIDE/FreeRTOS_Examples/15_FREERTOS_LED_CONTROL_WITH_BUTTON/FreeRTOSConfig" -I"D:/Users/abdul/STM32CubeIDE/FreeRTOS_Examples/15_FREERTOS_LED_CONTROL_WITH_BUTTON/Middlewares/Third_Party/FreeRTOS/org/source/portable/GCC/ARM_CM4F" -I"D:/Users/abdul/STM32CubeIDE/FreeRTOS_Examples/15_FREERTOS_LED_CONTROL_WITH_BUTTON/Middlewares/Third_Party/FreeRTOS/org/source/include" -I../Drivers/STM32F4xx_HAL_Driver/Inc -I../Drivers/STM32F4xx_HAL_Driver/Inc/Legacy -I../Drivers/CMSIS/Device/ST/STM32F4xx/Include -I../Drivers/CMSIS/Include -O0 -ffunction-sections -fdata-sections -Wall -fstack-usage -MMD -MP -MF"Middlewares/Third_Party/FreeRTOS/org/source/portable/MemMang/heap_4.d" -MT"Middlewares/Third_Party/FreeRTOS/org/source/portable/MemMang/heap_4.o" --specs=nano.specs -mfpu=fpv4-sp-d16 -mfloat-abi=hard -mthumb -o "Middlewares/Third_Party/FreeRTOS/org/source/portable/MemMang/heap_4.o"
arm-none-eabi-gcc "../Middlewares/Third_Party/FreeRTOS/org/source/portable/GCC/ARM_CM4F/port.c" -mcpu=cortex-m4 -std=gnu11 -g3 -DDEBUG -DUSE_HAL_DRIVER -DSTM32F407xx -c -I../Core/Inc -I"D:/Users/abdul/STM32CubeIDE/FreeRTOS_Examples/15_FREERTOS_LED_CONTROL_WITH_BUTTON/Middlewares/Third_Party/FreeRTOS/org/source/portable/MemMang" -I"D:/Users/abdul/STM32CubeIDE/FreeRTOS_Examples/15_FREERTOS_LED_CONTROL_WITH_BUTTON/FreeRTOSConfig" -I"D:/Users/abdul/STM32CubeIDE/FreeRTOS_Examples/15_FREERTOS_LED_CONTROL_WITH_BUTTON/Middlewares/Third_Party/FreeRTOS/org/source/portable/GCC/ARM_CM4F" -I"D:/Users/abdul/STM32CubeIDE/FreeRTOS_Examples/15_FREERTOS_LED_CONTROL_WITH_BUTTON/Middlewares/Third_Party/FreeRTOS/org/source/include" -I../Drivers/STM32F4xx_HAL_Driver/Inc -I../Drivers/STM32F4xx_HAL_Driver/Inc/Legacy -I../Drivers/CMSIS/Device/ST/STM32F4xx/Include -I../Drivers/CMSIS/Include -O0 -ffunction-sections -fdata-sections -Wall -fstack-usage -MMD -MP -MF"Middlewares/Third_Party/FreeRTOS/org/source/portable/GCC/ARM_CM4F/port.d" -MT"Middlewares/Third_Party/FreeRTOS/org/source/portable/GCC/ARM_CM4F/port.o" --specs=nano.specs -mfpu=fpv4-sp-d16 -mfloat-abi=hard -mthumb -o "Middlewares/Third_Party/FreeRTOS/org/source/portable/GCC/ARM_CM4F/port.o"
arm-none-eabi-gcc "../Middlewares/Third_Party/FreeRTOS/org/source/croutine.c" -mcpu=cortex-m4 -std=gnu11 -g3 -DDEBUG -DUSE_HAL_DRIVER -DSTM32F407xx -c -I../Core/Inc -I"D:/Users/abdul/STM32CubeIDE/FreeRTOS_Examples/15_FREERTOS_LED_CONTROL_WITH_BUTTON/Middlewares/Third_Party/FreeRTOS/org/source/portable/MemMang" -I"D:/Users/abdul/STM32CubeIDE/FreeRTOS_Examples/15_FREERTOS_LED_CONTROL_WITH_BUTTON/FreeRTOSConfig" -I"D:/Users/abdul/STM32CubeIDE/FreeRTOS_Examples/15_FREERTOS_LED_CONTROL_WITH_BUTTON/Middlewares/Third_Party/FreeRTOS/org/source/portable/GCC/ARM_CM4F" -I"D:/Users/abdul/STM32CubeIDE/FreeRTOS_Examples/15_FREERTOS_LED_CONTROL_WITH_BUTTON/Middlewares/Third_Party/FreeRTOS/org/source/include" -I../Drivers/STM32F4xx_HAL_Driver/Inc -I../Drivers/STM32F4xx_HAL_Driver/Inc/Legacy -I../Drivers/CMSIS/Device/ST/STM32F4xx/Include -I../Drivers/CMSIS/Include -O0 -ffunction-sections -fdata-sections -Wall -fstack-usage -MMD -MP -MF"Middlewares/Third_Party/FreeRTOS/org/source/croutine.d" -MT"Middlewares/Third_Party/FreeRTOS/org/source/croutine.o" --specs=nano.specs -mfpu=fpv4-sp-d16 -mfloat-abi=hard -mthumb -o "Middlewares/Third_Party/FreeRTOS/org/source/croutine.o"
arm-none-eabi-gcc "../Middlewares/Third_Party/FreeRTOS/org/source/event_groups.c" -mcpu=cortex-m4 -std=gnu11 -g3 -DDEBUG -DUSE_HAL_DRIVER -DSTM32F407xx -c -I../Core/Inc -I"D:/Users/abdul/STM32CubeIDE/FreeRTOS_Examples/15_FREERTOS_LED_CONTROL_WITH_BUTTON/Middlewares/Third_Party/FreeRTOS/org/source/portable/MemMang" -I"D:/Users/abdul/STM32CubeIDE/FreeRTOS_Examples/15_FREERTOS_LED_CONTROL_WITH_BUTTON/FreeRTOSConfig" -I"D:/Users/abdul/STM32CubeIDE/FreeRTOS_Examples/15_FREERTOS_LED_CONTROL_WITH_BUTTON/Middlewares/Third_Party/FreeRTOS/org/source/portable/GCC/ARM_CM4F" -I"D:/Users/abdul/STM32CubeIDE/FreeRTOS_Examples/15_FREERTOS_LED_CONTROL_WITH_BUTTON/Middlewares/Third_Party/FreeRTOS/org/source/include" -I../Drivers/STM32F4xx_HAL_Driver/Inc -I../Drivers/STM32F4xx_HAL_Driver/Inc/Legacy -I../Drivers/CMSIS/Device/ST/STM32F4xx/Include -I../Drivers/CMSIS/Include -O0 -ffunction-sections -fdata-sections -Wall -fstack-usage -MMD -MP -MF"Middlewares/Third_Party/FreeRTOS/org/source/event_groups.d" -MT"Middlewares/Third_Party/FreeRTOS/org/source/event_groups.o" --specs=nano.specs -mfpu=fpv4-sp-d16 -mfloat-abi=hard -mthumb -o "Middlewares/Third_Party/FreeRTOS/org/source/event_groups.o"
arm-none-eabi-gcc "../Middlewares/Third_Party/FreeRTOS/org/source/list.c" -mcpu=cortex-m4 -std=gnu11 -g3 -DDEBUG -DUSE_HAL_DRIVER -DSTM32F407xx -c -I../Core/Inc -I"D:/Users/abdul/STM32CubeIDE/FreeRTOS_Examples/15_FREERTOS_LED_CONTROL_WITH_BUTTON/Middlewares/Third_Party/FreeRTOS/org/source/portable/MemMang" -I"D:/Users/abdul/STM32CubeIDE/FreeRTOS_Examples/15_FREERTOS_LED_CONTROL_WITH_BUTTON/FreeRTOSConfig" -I"D:/Users/abdul/STM32CubeIDE/FreeRTOS_Examples/15_FREERTOS_LED_CONTROL_WITH_BUTTON/Middlewares/Third_Party/FreeRTOS/org/source/portable/GCC/ARM_CM4F" -I"D:/Users/abdul/STM32CubeIDE/FreeRTOS_Examples/15_FREERTOS_LED_CONTROL_WITH_BUTTON/Middlewares/Third_Party/FreeRTOS/org/source/include" -I../Drivers/STM32F4xx_HAL_Driver/Inc -I../Drivers/STM32F4xx_HAL_Driver/Inc/Legacy -I../Drivers/CMSIS/Device/ST/STM32F4xx/Include -I../Drivers/CMSIS/Include -O0 -ffunction-sections -fdata-sections -Wall -fstack-usage -MMD -MP -MF"Middlewares/Third_Party/FreeRTOS/org/source/list.d" -MT"Middlewares/Third_Party/FreeRTOS/org/source/list.o" --specs=nano.specs -mfpu=fpv4-sp-d16 -mfloat-abi=hard -mthumb -o "Middlewares/Third_Party/FreeRTOS/org/source/list.o"
arm-none-eabi-gcc "../Middlewares/Third_Party/FreeRTOS/org/source/queue.c" -mcpu=cortex-m4 -std=gnu11 -g3 -DDEBUG -DUSE_HAL_DRIVER -DSTM32F407xx -c -I../Core/Inc -I"D:/Users/abdul/STM32CubeIDE/FreeRTOS_Examples/15_FREERTOS_LED_CONTROL_WITH_BUTTON/Middlewares/Third_Party/FreeRTOS/org/source/portable/MemMang" -I"D:/Users/abdul/STM32CubeIDE/FreeRTOS_Examples/15_FREERTOS_LED_CONTROL_WITH_BUTTON/FreeRTOSConfig" -I"D:/Users/abdul/STM32CubeIDE/FreeRTOS_Examples/15_FREERTOS_LED_CONTROL_WITH_BUTTON/Middlewares/Third_Party/FreeRTOS/org/source/portable/GCC/ARM_CM4F" -I"D:/Users/abdul/STM32CubeIDE/FreeRTOS_Examples/15_FREERTOS_LED_CONTROL_WITH_BUTTON/Middlewares/Third_Party/FreeRTOS/org/source/include" -I../Drivers/STM32F4xx_HAL_Driver/Inc -I../Drivers/STM32F4xx_HAL_Driver/Inc/Legacy -I../Drivers/CMSIS/Device/ST/STM32F4xx/Include -I../Drivers/CMSIS/Include -O0 -ffunction-sections -fdata-sections -Wall -fstack-usage -MMD -MP -MF"Middlewares/Third_Party/FreeRTOS/org/source/queue.d" -MT"Middlewares/Third_Party/FreeRTOS/org/source/queue.o" --specs=nano.specs -mfpu=fpv4-sp-d16 -mfloat-abi=hard -mthumb -o "Middlewares/Third_Party/FreeRTOS/org/source/queue.o"
arm-none-eabi-gcc "../Middlewares/Third_Party/FreeRTOS/org/source/stream_buffer.c" -mcpu=cortex-m4 -std=gnu11 -g3 -DDEBUG -DUSE_HAL_DRIVER -DSTM32F407xx -c -I../Core/Inc -I"D:/Users/abdul/STM32CubeIDE/FreeRTOS_Examples/15_FREERTOS_LED_CONTROL_WITH_BUTTON/Middlewares/Third_Party/FreeRTOS/org/source/portable/MemMang" -I"D:/Users/abdul/STM32CubeIDE/FreeRTOS_Examples/15_FREERTOS_LED_CONTROL_WITH_BUTTON/FreeRTOSConfig" -I"D:/Users/abdul/STM32CubeIDE/FreeRTOS_Examples/15_FREERTOS_LED_CONTROL_WITH_BUTTON/Middlewares/Third_Party/FreeRTOS/org/source/portable/GCC/ARM_CM4F" -I"D:/Users/abdul/STM32CubeIDE/FreeRTOS_Examples/15_FREERTOS_LED_CONTROL_WITH_BUTTON/Middlewares/Third_Party/FreeRTOS/org/source/include" -I../Drivers/STM32F4xx_HAL_Driver/Inc -I../Drivers/STM32F4xx_HAL_Driver/Inc/Legacy -I../Drivers/CMSIS/Device/ST/STM32F4xx/Include -I../Drivers/CMSIS/Include -O0 -ffunction-sections -fdata-sections -Wall -fstack-usage -MMD -MP -MF"Middlewares/Third_Party/FreeRTOS/org/source/stream_buffer.d" -MT"Middlewares/Third_Party/FreeRTOS/org/source/stream_buffer.o" --specs=nano.specs -mfpu=fpv4-sp-d16 -mfloat-abi=hard -mthumb -o "Middlewares/Third_Party/FreeRTOS/org/source/stream_buffer.o"
arm-none-eabi-gcc "../Middlewares/Third_Party/FreeRTOS/org/source/tasks.c" -mcpu=cortex-m4 -std=gnu11 -g3 -DDEBUG -DUSE_HAL_DRIVER -DSTM32F407xx -c -I../Core/Inc -I"D:/Users/abdul/STM32CubeIDE/FreeRTOS_Examples/15_FREERTOS_LED_CONTROL_WITH_BUTTON/Middlewares/Third_Party/FreeRTOS/org/source/portable/MemMang" -I"D:/Users/abdul/STM32CubeIDE/FreeRTOS_Examples/15_FREERTOS_LED_CONTROL_WITH_BUTTON/FreeRTOSConfig" -I"D:/Users/abdul/STM32CubeIDE/FreeRTOS_Examples/15_FREERTOS_LED_CONTROL_WITH_BUTTON/Middlewares/Third_Party/FreeRTOS/org/source/portable/GCC/ARM_CM4F" -I"D:/Users/abdul/STM32CubeIDE/FreeRTOS_Examples/15_FREERTOS_LED_CONTROL_WITH_BUTTON/Middlewares/Third_Party/FreeRTOS/org/source/include" -I../Drivers/STM32F4xx_HAL_Driver/Inc -I../Drivers/STM32F4xx_HAL_Driver/Inc/Legacy -I../Drivers/CMSIS/Device/ST/STM32F4xx/Include -I../Drivers/CMSIS/Include -O0 -ffunction-sections -fdata-sections -Wall -fstack-usage -MMD -MP -MF"Middlewares/Third_Party/FreeRTOS/org/source/tasks.d" -MT"Middlewares/Third_Party/FreeRTOS/org/source/tasks.o" --specs=nano.specs -mfpu=fpv4-sp-d16 -mfloat-abi=hard -mthumb -o "Middlewares/Third_Party/FreeRTOS/org/source/tasks.o"
arm-none-eabi-gcc "../Middlewares/Third_Party/FreeRTOS/org/source/timers.c" -mcpu=cortex-m4 -std=gnu11 -g3 -DDEBUG -DUSE_HAL_DRIVER -DSTM32F407xx -c -I../Core/Inc -I"D:/Users/abdul/STM32CubeIDE/FreeRTOS_Examples/15_FREERTOS_LED_CONTROL_WITH_BUTTON/Middlewares/Third_Party/FreeRTOS/org/source/portable/MemMang" -I"D:/Users/abdul/STM32CubeIDE/FreeRTOS_Examples/15_FREERTOS_LED_CONTROL_WITH_BUTTON/FreeRTOSConfig" -I"D:/Users/abdul/STM32CubeIDE/FreeRTOS_Examples/15_FREERTOS_LED_CONTROL_WITH_BUTTON/Middlewares/Third_Party/FreeRTOS/org/source/portable/GCC/ARM_CM4F" -I"D:/Users/abdul/STM32CubeIDE/FreeRTOS_Examples/15_FREERTOS_LED_CONTROL_WITH_BUTTON/Middlewares/Third_Party/FreeRTOS/org/source/include" -I../Drivers/STM32F4xx_HAL_Driver/Inc -I../Drivers/STM32F4xx_HAL_Driver/Inc/Legacy -I../Drivers/CMSIS/Device/ST/STM32F4xx/Include -I../Drivers/CMSIS/Include -O0 -ffunction-sections -fdata-sections -Wall -fstack-usage -MMD -MP -MF"Middlewares/Third_Party/FreeRTOS/org/source/timers.d" -MT"Middlewares/Third_Party/FreeRTOS/org/source/timers.o" --specs=nano.specs -mfpu=fpv4-sp-d16 -mfloat-abi=hard -mthumb -o "Middlewares/Third_Party/FreeRTOS/org/source/timers.o"
arm-none-eabi-gcc "../Drivers/STM32F4xx_HAL_Driver/Src/stm32f4xx_hal.c" -mcpu=cortex-m4 -std=gnu11 -g3 -DDEBUG -DUSE_HAL_DRIVER -DSTM32F407xx -c -I../Core/Inc -I"D:/Users/abdul/STM32CubeIDE/FreeRTOS_Examples/15_FREERTOS_LED_CONTROL_WITH_BUTTON/Middlewares/Third_Party/FreeRTOS/org/source/portable/MemMang" -I"D:/Users/abdul/STM32CubeIDE/FreeRTOS_Examples/15_FREERTOS_LED_CONTROL_WITH_BUTTON/FreeRTOSConfig" -I"D:/Users/abdul/STM32CubeIDE/FreeRTOS_Examples/15_FREERTOS_LED_CONTROL_WITH_BUTTON/Middlewares/Third_Party/FreeRTOS/org/source/portable/GCC/ARM_CM4F" -I"D:/Users/abdul/STM32CubeIDE/FreeRTOS_Examples/15_FREERTOS_LED_CONTROL_WITH_BUTTON/Middlewares/Third_Party/FreeRTOS/org/source/include" -I../Drivers/STM32F4xx_HAL_Driver/Inc -I../Drivers/STM32F4xx_HAL_Driver/Inc/Legacy -I../Drivers/CMSIS/Device/ST/STM32F4xx/Include -I../Drivers/CMSIS/Include -O0 -ffunction-sections -fdata-sections -Wall -fstack-usage -MMD -MP -MF"Drivers/STM32F4xx_HAL_Driver/Src/stm32f4xx_hal.d" -MT"Drivers/STM32F4xx_HAL_Driver/Src/stm32f4xx_hal.o" --specs=nano.specs -mfpu=fpv4-sp-d16 -mfloat-abi=hard -mthumb -o "Drivers/STM32F4xx_HAL_Driver/Src/stm32f4xx_hal.o"
arm-none-eabi-gcc "../Drivers/STM32F4xx_HAL_Driver/Src/stm32f4xx_hal_cortex.c" -mcpu=cortex-m4 -std=gnu11 -g3 -DDEBUG -DUSE_HAL_DRIVER -DSTM32F407xx -c -I../Core/Inc -I"D:/Users/abdul/STM32CubeIDE/FreeRTOS_Examples/15_FREERTOS_LED_CONTROL_WITH_BUTTON/Middlewares/Third_Party/FreeRTOS/org/source/portable/MemMang" -I"D:/Users/abdul/STM32CubeIDE/FreeRTOS_Examples/15_FREERTOS_LED_CONTROL_WITH_BUTTON/FreeRTOSConfig" -I"D:/Users/abdul/STM32CubeIDE/FreeRTOS_Examples/15_FREERTOS_LED_CONTROL_WITH_BUTTON/Middlewares/Third_Party/FreeRTOS/org/source/portable/GCC/ARM_CM4F" -I"D:/Users/abdul/STM32CubeIDE/FreeRTOS_Examples/15_FREERTOS_LED_CONTROL_WITH_BUTTON/Middlewares/Third_Party/FreeRTOS/org/source/include" -I../Drivers/STM32F4xx_HAL_Driver/Inc -I../Drivers/STM32F4xx_HAL_Driver/Inc/Legacy -I../Drivers/CMSIS/Device/ST/STM32F4xx/Include -I../Drivers/CMSIS/Include -O0 -ffunction-sections -fdata-sections -Wall -fstack-usage -MMD -MP -MF"Drivers/STM32F4xx_HAL_Driver/Src/stm32f4xx_hal_cortex.d" -MT"Drivers/STM32F4xx_HAL_Driver/Src/stm32f4xx_hal_cortex.o" --specs=nano.specs -mfpu=fpv4-sp-d16 -mfloat-abi=hard -mthumb -o "Drivers/STM32F4xx_HAL_Driver/Src/stm32f4xx_hal_cortex.o"
arm-none-eabi-gcc "../Drivers/STM32F4xx_HAL_Driver/Src/stm32f4xx_hal_dma.c" -mcpu=cortex-m4 -std=gnu11 -g3 -DDEBUG -DUSE_HAL_DRIVER -DSTM32F407xx -c -I../Core/Inc -I"D:/Users/abdul/STM32CubeIDE/FreeRTOS_Examples/15_FREERTOS_LED_CONTROL_WITH_BUTTON/Middlewares/Third_Party/FreeRTOS/org/source/portable/MemMang" -I"D:/Users/abdul/STM32CubeIDE/FreeRTOS_Examples/15_FREERTOS_LED_CONTROL_WITH_BUTTON/FreeRTOSConfig" -I"D:/Users/abdul/STM32CubeIDE/FreeRTOS_Examples/15_FREERTOS_LED_CONTROL_WITH_BUTTON/Middlewares/Third_Party/FreeRTOS/org/source/portable/GCC/ARM_CM4F" -I"D:/Users/abdul/STM32CubeIDE/FreeRTOS_Examples/15_FREERTOS_LED_CONTROL_WITH_BUTTON/Middlewares/Third_Party/FreeRTOS/org/source/include" -I../Drivers/STM32F4xx_HAL_Driver/Inc -I../Drivers/STM32F4xx_HAL_Driver/Inc/Legacy -I../Drivers/CMSIS/Device/ST/STM32F4xx/Include -I../Drivers/CMSIS/Include -O0 -ffunction-sections -fdata-sections -Wall -fstack-usage -MMD -MP -MF"Drivers/STM32F4xx_HAL_Driver/Src/stm32f4xx_hal_dma.d" -MT"Drivers/STM32F4xx_HAL_Driver/Src/stm32f4xx_hal_dma.o" --specs=nano.specs -mfpu=fpv4-sp-d16 -mfloat-abi=hard -mthumb -o "Drivers/STM32F4xx_HAL_Driver/Src/stm32f4xx_hal_dma.o"
arm-none-eabi-gcc "../Drivers/STM32F4xx_HAL_Driver/Src/stm32f4xx_hal_dma_ex.c" -mcpu=cortex-m4 -std=gnu11 -g3 -DDEBUG -DUSE_HAL_DRIVER -DSTM32F407xx -c -I../Core/Inc -I"D:/Users/abdul/STM32CubeIDE/FreeRTOS_Examples/15_FREERTOS_LED_CONTROL_WITH_BUTTON/Middlewares/Third_Party/FreeRTOS/org/source/portable/MemMang" -I"D:/Users/abdul/STM32CubeIDE/FreeRTOS_Examples/15_FREERTOS_LED_CONTROL_WITH_BUTTON/FreeRTOSConfig" -I"D:/Users/abdul/STM32CubeIDE/FreeRTOS_Examples/15_FREERTOS_LED_CONTROL_WITH_BUTTON/Middlewares/Third_Party/FreeRTOS/org/source/portable/GCC/ARM_CM4F" -I"D:/Users/abdul/STM32CubeIDE/FreeRTOS_Examples/15_FREERTOS_LED_CONTROL_WITH_BUTTON/Middlewares/Third_Party/FreeRTOS/org/source/include" -I../Drivers/STM32F4xx_HAL_Driver/Inc -I../Drivers/STM32F4xx_HAL_Driver/Inc/Legacy -I../Drivers/CMSIS/Device/ST/STM32F4xx/Include -I../Drivers/CMSIS/Include -O0 -ffunction-sections -fdata-sections -Wall -fstack-usage -MMD -MP -MF"Drivers/STM32F4xx_HAL_Driver/Src/stm32f4xx_hal_dma_ex.d" -MT"Drivers/STM32F4xx_HAL_Driver/Src/stm32f4xx_hal_dma_ex.o" --specs=nano.specs -mfpu=fpv4-sp-d16 -mfloat-abi=hard -mthumb -o "Drivers/STM32F4xx_HAL_Driver/Src/stm32f4xx_hal_dma_ex.o"
arm-none-eabi-gcc "../Drivers/STM32F4xx_HAL_Driver/Src/stm32f4xx_hal_exti.c" -mcpu=cortex-m4 -std=gnu11 -g3 -DDEBUG -DUSE_HAL_DRIVER -DSTM32F407xx -c -I../Core/Inc -I"D:/Users/abdul/STM32CubeIDE/FreeRTOS_Examples/15_FREERTOS_LED_CONTROL_WITH_BUTTON/Middlewares/Third_Party/FreeRTOS/org/source/portable/MemMang" -I"D:/Users/abdul/STM32CubeIDE/FreeRTOS_Examples/15_FREERTOS_LED_CONTROL_WITH_BUTTON/FreeRTOSConfig" -I"D:/Users/abdul/STM32CubeIDE/FreeRTOS_Examples/15_FREERTOS_LED_CONTROL_WITH_BUTTON/Middlewares/Third_Party/FreeRTOS/org/source/portable/GCC/ARM_CM4F" -I"D:/Users/abdul/STM32CubeIDE/FreeRTOS_Examples/15_FREERTOS_LED_CONTROL_WITH_BUTTON/Middlewares/Third_Party/FreeRTOS/org/source/include" -I../Drivers/STM32F4xx_HAL_Driver/Inc -I../Drivers/STM32F4xx_HAL_Driver/Inc/Legacy -I../Drivers/CMSIS/Device/ST/STM32F4xx/Include -I../Drivers/CMSIS/Include -O0 -ffunction-sections -fdata-sections -Wall -fstack-usage -MMD -MP -MF"Drivers/STM32F4xx_HAL_Driver/Src/stm32f4xx_hal_exti.d" -MT"Drivers/STM32F4xx_HAL_Driver/Src/stm32f4xx_hal_exti.o" --specs=nano.specs -mfpu=fpv4-sp-d16 -mfloat-abi=hard -mthumb -o "Drivers/STM32F4xx_HAL_Driver/Src/stm32f4xx_hal_exti.o"
arm-none-eabi-gcc "../Drivers/STM32F4xx_HAL_Driver/Src/stm32f4xx_hal_flash.c" -mcpu=cortex-m4 -std=gnu11 -g3 -DDEBUG -DUSE_HAL_DRIVER -DSTM32F407xx -c -I../Core/Inc -I"D:/Users/abdul/STM32CubeIDE/FreeRTOS_Examples/15_FREERTOS_LED_CONTROL_WITH_BUTTON/Middlewares/Third_Party/FreeRTOS/org/source/portable/MemMang" -I"D:/Users/abdul/STM32CubeIDE/FreeRTOS_Examples/15_FREERTOS_LED_CONTROL_WITH_BUTTON/FreeRTOSConfig" -I"D:/Users/abdul/STM32CubeIDE/FreeRTOS_Examples/15_FREERTOS_LED_CONTROL_WITH_BUTTON/Middlewares/Third_Party/FreeRTOS/org/source/portable/GCC/ARM_CM4F" -I"D:/Users/abdul/STM32CubeIDE/FreeRTOS_Examples/15_FREERTOS_LED_CONTROL_WITH_BUTTON/Middlewares/Third_Party/FreeRTOS/org/source/include" -I../Drivers/STM32F4xx_HAL_Driver/Inc -I../Drivers/STM32F4xx_HAL_Driver/Inc/Legacy -I../Drivers/CMSIS/Device/ST/STM32F4xx/Include -I../Drivers/CMSIS/Include -O0 -ffunction-sections -fdata-sections -Wall -fstack-usage -MMD -MP -MF"Drivers/STM32F4xx_HAL_Driver/Src/stm32f4xx_hal_flash.d" -MT"Drivers/STM32F4xx_HAL_Driver/Src/stm32f4xx_hal_flash.o" --specs=nano.specs -mfpu=fpv4-sp-d16 -mfloat-abi=hard -mthumb -o "Drivers/STM32F4xx_HAL_Driver/Src/stm32f4xx_hal_flash.o"
arm-none-eabi-gcc "../Drivers/STM32F4xx_HAL_Driver/Src/stm32f4xx_hal_flash_ex.c" -mcpu=cortex-m4 -std=gnu11 -g3 -DDEBUG -DUSE_HAL_DRIVER -DSTM32F407xx -c -I../Core/Inc -I"D:/Users/abdul/STM32CubeIDE/FreeRTOS_Examples/15_FREERTOS_LED_CONTROL_WITH_BUTTON/Middlewares/Third_Party/FreeRTOS/org/source/portable/MemMang" -I"D:/Users/abdul/STM32CubeIDE/FreeRTOS_Examples/15_FREERTOS_LED_CONTROL_WITH_BUTTON/FreeRTOSConfig" -I"D:/Users/abdul/STM32CubeIDE/FreeRTOS_Examples/15_FREERTOS_LED_CONTROL_WITH_BUTTON/Middlewares/Third_Party/FreeRTOS/org/source/portable/GCC/ARM_CM4F" -I"D:/Users/abdul/STM32CubeIDE/FreeRTOS_Examples/15_FREERTOS_LED_CONTROL_WITH_BUTTON/Middlewares/Third_Party/FreeRTOS/org/source/include" -I../Drivers/STM32F4xx_HAL_Driver/Inc -I../Drivers/STM32F4xx_HAL_Driver/Inc/Legacy -I../Drivers/CMSIS/Device/ST/STM32F4xx/Include -I../Drivers/CMSIS/Include -O0 -ffunction-sections -fdata-sections -Wall -fstack-usage -MMD -MP -MF"Drivers/STM32F4xx_HAL_Driver/Src/stm32f4xx_hal_flash_ex.d" -MT"Drivers/STM32F4xx_HAL_Driver/Src/stm32f4xx_hal_flash_ex.o" --specs=nano.specs -mfpu=fpv4-sp-d16 -mfloat-abi=hard -mthumb -o "Drivers/STM32F4xx_HAL_Driver/Src/stm32f4xx_hal_flash_ex.o"
arm-none-eabi-gcc "../Drivers/STM32F4xx_HAL_Driver/Src/stm32f4xx_hal_flash_ramfunc.c" -mcpu=cortex-m4 -std=gnu11 -g3 -DDEBUG -DUSE_HAL_DRIVER -DSTM32F407xx -c -I../Core/Inc -I"D:/Users/abdul/STM32CubeIDE/FreeRTOS_Examples/15_FREERTOS_LED_CONTROL_WITH_BUTTON/Middlewares/Third_Party/FreeRTOS/org/source/portable/MemMang" -I"D:/Users/abdul/STM32CubeIDE/FreeRTOS_Examples/15_FREERTOS_LED_CONTROL_WITH_BUTTON/FreeRTOSConfig" -I"D:/Users/abdul/STM32CubeIDE/FreeRTOS_Examples/15_FREERTOS_LED_CONTROL_WITH_BUTTON/Middlewares/Third_Party/FreeRTOS/org/source/portable/GCC/ARM_CM4F" -I"D:/Users/abdul/STM32CubeIDE/FreeRTOS_Examples/15_FREERTOS_LED_CONTROL_WITH_BUTTON/Middlewares/Third_Party/FreeRTOS/org/source/include" -I../Drivers/STM32F4xx_HAL_Driver/Inc -I../Drivers/STM32F4xx_HAL_Driver/Inc/Legacy -I../Drivers/CMSIS/Device/ST/STM32F4xx/Include -I../Drivers/CMSIS/Include -O0 -ffunction-sections -fdata-sections -Wall -fstack-usage -MMD -MP -MF"Drivers/STM32F4xx_HAL_Driver/Src/stm32f4xx_hal_flash_ramfunc.d" -MT"Drivers/STM32F4xx_HAL_Driver/Src/stm32f4xx_hal_flash_ramfunc.o" --specs=nano.specs -mfpu=fpv4-sp-d16 -mfloat-abi=hard -mthumb -o "Drivers/STM32F4xx_HAL_Driver/Src/stm32f4xx_hal_flash_ramfunc.o"
arm-none-eabi-gcc "../Drivers/STM32F4xx_HAL_Driver/Src/stm32f4xx_hal_gpio.c" -mcpu=cortex-m4 -std=gnu11 -g3 -DDEBUG -DUSE_HAL_DRIVER -DSTM32F407xx -c -I../Core/Inc -I"D:/Users/abdul/STM32CubeIDE/FreeRTOS_Examples/15_FREERTOS_LED_CONTROL_WITH_BUTTON/Middlewares/Third_Party/FreeRTOS/org/source/portable/MemMang" -I"D:/Users/abdul/STM32CubeIDE/FreeRTOS_Examples/15_FREERTOS_LED_CONTROL_WITH_BUTTON/FreeRTOSConfig" -I"D:/Users/abdul/STM32CubeIDE/FreeRTOS_Examples/15_FREERTOS_LED_CONTROL_WITH_BUTTON/Middlewares/Third_Party/FreeRTOS/org/source/portable/GCC/ARM_CM4F" -I"D:/Users/abdul/STM32CubeIDE/FreeRTOS_Examples/15_FREERTOS_LED_CONTROL_WITH_BUTTON/Middlewares/Third_Party/FreeRTOS/org/source/include" -I../Drivers/STM32F4xx_HAL_Driver/Inc -I../Drivers/STM32F4xx_HAL_Driver/Inc/Legacy -I../Drivers/CMSIS/Device/ST/STM32F4xx/Include -I../Drivers/CMSIS/Include -O0 -ffunction-sections -fdata-sections -Wall -fstack-usage -MMD -MP -MF"Drivers/STM32F4xx_HAL_Driver/Src/stm32f4xx_hal_gpio.d" -MT"Drivers/STM32F4xx_HAL_Driver/Src/stm32f4xx_hal_gpio.o" --specs=nano.specs -mfpu=fpv4-sp-d16 -mfloat-abi=hard -mthumb -o "Drivers/STM32F4xx_HAL_Driver/Src/stm32f4xx_hal_gpio.o"
arm-none-eabi-gcc "../Drivers/STM32F4xx_HAL_Driver/Src/stm32f4xx_hal_pwr.c" -mcpu=cortex-m4 -std=gnu11 -g3 -DDEBUG -DUSE_HAL_DRIVER -DSTM32F407xx -c -I../Core/Inc -I"D:/Users/abdul/STM32CubeIDE/FreeRTOS_Examples/15_FREERTOS_LED_CONTROL_WITH_BUTTON/Middlewares/Third_Party/FreeRTOS/org/source/portable/MemMang" -I"D:/Users/abdul/STM32CubeIDE/FreeRTOS_Examples/15_FREERTOS_LED_CONTROL_WITH_BUTTON/FreeRTOSConfig" -I"D:/Users/abdul/STM32CubeIDE/FreeRTOS_Examples/15_FREERTOS_LED_CONTROL_WITH_BUTTON/Middlewares/Third_Party/FreeRTOS/org/source/portable/GCC/ARM_CM4F" -I"D:/Users/abdul/STM32CubeIDE/FreeRTOS_Examples/15_FREERTOS_LED_CONTROL_WITH_BUTTON/Middlewares/Third_Party/FreeRTOS/org/source/include" -I../Drivers/STM32F4xx_HAL_Driver/Inc -I../Drivers/STM32F4xx_HAL_Driver/Inc/Legacy -I../Drivers/CMSIS/Device/ST/STM32F4xx/Include -I../Drivers/CMSIS/Include -O0 -ffunction-sections -fdata-sections -Wall -fstack-usage -MMD -MP -MF"Drivers/STM32F4xx_HAL_Driver/Src/stm32f4xx_hal_pwr.d" -MT"Drivers/STM32F4xx_HAL_Driver/Src/stm32f4xx_hal_pwr.o" --specs=nano.specs -mfpu=fpv4-sp-d16 -mfloat-abi=hard -mthumb -o "Drivers/STM32F4xx_HAL_Driver/Src/stm32f4xx_hal_pwr.o"
arm-none-eabi-gcc "../Drivers/STM32F4xx_HAL_Driver/Src/stm32f4xx_hal_pwr_ex.c" -mcpu=cortex-m4 -std=gnu11 -g3 -DDEBUG -DUSE_HAL_DRIVER -DSTM32F407xx -c -I../Core/Inc -I"D:/Users/abdul/STM32CubeIDE/FreeRTOS_Examples/15_FREERTOS_LED_CONTROL_WITH_BUTTON/Middlewares/Third_Party/FreeRTOS/org/source/portable/MemMang" -I"D:/Users/abdul/STM32CubeIDE/FreeRTOS_Examples/15_FREERTOS_LED_CONTROL_WITH_BUTTON/FreeRTOSConfig" -I"D:/Users/abdul/STM32CubeIDE/FreeRTOS_Examples/15_FREERTOS_LED_CONTROL_WITH_BUTTON/Middlewares/Third_Party/FreeRTOS/org/source/portable/GCC/ARM_CM4F" -I"D:/Users/abdul/STM32CubeIDE/FreeRTOS_Examples/15_FREERTOS_LED_CONTROL_WITH_BUTTON/Middlewares/Third_Party/FreeRTOS/org/source/include" -I../Drivers/STM32F4xx_HAL_Driver/Inc -I../Drivers/STM32F4xx_HAL_Driver/Inc/Legacy -I../Drivers/CMSIS/Device/ST/STM32F4xx/Include -I../Drivers/CMSIS/Include -O0 -ffunction-sections -fdata-sections -Wall -fstack-usage -MMD -MP -MF"Drivers/STM32F4xx_HAL_Driver/Src/stm32f4xx_hal_pwr_ex.d" -MT"Drivers/STM32F4xx_HAL_Driver/Src/stm32f4xx_hal_pwr_ex.o" --specs=nano.specs -mfpu=fpv4-sp-d16 -mfloat-abi=hard -mthumb -o "Drivers/STM32F4xx_HAL_Driver/Src/stm32f4xx_hal_pwr_ex.o"
arm-none-eabi-gcc "../Drivers/STM32F4xx_HAL_Driver/Src/stm32f4xx_hal_rcc.c" -mcpu=cortex-m4 -std=gnu11 -g3 -DDEBUG -DUSE_HAL_DRIVER -DSTM32F407xx -c -I../Core/Inc -I"D:/Users/abdul/STM32CubeIDE/FreeRTOS_Examples/15_FREERTOS_LED_CONTROL_WITH_BUTTON/Middlewares/Third_Party/FreeRTOS/org/source/portable/MemMang" -I"D:/Users/abdul/STM32CubeIDE/FreeRTOS_Examples/15_FREERTOS_LED_CONTROL_WITH_BUTTON/FreeRTOSConfig" -I"D:/Users/abdul/STM32CubeIDE/FreeRTOS_Examples/15_FREERTOS_LED_CONTROL_WITH_BUTTON/Middlewares/Third_Party/FreeRTOS/org/source/portable/GCC/ARM_CM4F" -I"D:/Users/abdul/STM32CubeIDE/FreeRTOS_Examples/15_FREERTOS_LED_CONTROL_WITH_BUTTON/Middlewares/Third_Party/FreeRTOS/org/source/include" -I../Drivers/STM32F4xx_HAL_Driver/Inc -I../Drivers/STM32F4xx_HAL_Driver/Inc/Legacy -I../Drivers/CMSIS/Device/ST/STM32F4xx/Include -I../Drivers/CMSIS/Include -O0 -ffunction-sections -fdata-sections -Wall -fstack-usage -MMD -MP -MF"Drivers/STM32F4xx_HAL_Driver/Src/stm32f4xx_hal_rcc.d" -MT"Drivers/STM32F4xx_HAL_Driver/Src/stm32f4xx_hal_rcc.o" --specs=nano.specs -mfpu=fpv4-sp-d16 -mfloat-abi=hard -mthumb -o "Drivers/STM32F4xx_HAL_Driver/Src/stm32f4xx_hal_rcc.o"
arm-none-eabi-gcc "../Drivers/STM32F4xx_HAL_Driver/Src/stm32f4xx_hal_rcc_ex.c" -mcpu=cortex-m4 -std=gnu11 -g3 -DDEBUG -DUSE_HAL_DRIVER -DSTM32F407xx -c -I../Core/Inc -I"D:/Users/abdul/STM32CubeIDE/FreeRTOS_Examples/15_FREERTOS_LED_CONTROL_WITH_BUTTON/Middlewares/Third_Party/FreeRTOS/org/source/portable/MemMang" -I"D:/Users/abdul/STM32CubeIDE/FreeRTOS_Examples/15_FREERTOS_LED_CONTROL_WITH_BUTTON/FreeRTOSConfig" -I"D:/Users/abdul/STM32CubeIDE/FreeRTOS_Examples/15_FREERTOS_LED_CONTROL_WITH_BUTTON/Middlewares/Third_Party/FreeRTOS/org/source/portable/GCC/ARM_CM4F" -I"D:/Users/abdul/STM32CubeIDE/FreeRTOS_Examples/15_FREERTOS_LED_CONTROL_WITH_BUTTON/Middlewares/Third_Party/FreeRTOS/org/source/include" -I../Drivers/STM32F4xx_HAL_Driver/Inc -I../Drivers/STM32F4xx_HAL_Driver/Inc/Legacy -I../Drivers/CMSIS/Device/ST/STM32F4xx/Include -I../Drivers/CMSIS/Include -O0 -ffunction-sections -fdata-sections -Wall -fstack-usage -MMD -MP -MF"Drivers/STM32F4xx_HAL_Driver/Src/stm32f4xx_hal_rcc_ex.d" -MT"Drivers/STM32F4xx_HAL_Driver/Src/stm32f4xx_hal_rcc_ex.o" --specs=nano.specs -mfpu=fpv4-sp-d16 -mfloat-abi=hard -mthumb -o "Drivers/STM32F4xx_HAL_Driver/Src/stm32f4xx_hal_rcc_ex.o"
arm-none-eabi-gcc "../Drivers/STM32F4xx_HAL_Driver/Src/stm32f4xx_hal_tim.c" -mcpu=cortex-m4 -std=gnu11 -g3 -DDEBUG -DUSE_HAL_DRIVER -DSTM32F407xx -c -I../Core/Inc -I"D:/Users/abdul/STM32CubeIDE/FreeRTOS_Examples/15_FREERTOS_LED_CONTROL_WITH_BUTTON/Middlewares/Third_Party/FreeRTOS/org/source/portable/MemMang" -I"D:/Users/abdul/STM32CubeIDE/FreeRTOS_Examples/15_FREERTOS_LED_CONTROL_WITH_BUTTON/FreeRTOSConfig" -I"D:/Users/abdul/STM32CubeIDE/FreeRTOS_Examples/15_FREERTOS_LED_CONTROL_WITH_BUTTON/Middlewares/Third_Party/FreeRTOS/org/source/portable/GCC/ARM_CM4F" -I"D:/Users/abdul/STM32CubeIDE/FreeRTOS_Examples/15_FREERTOS_LED_CONTROL_WITH_BUTTON/Middlewares/Third_Party/FreeRTOS/org/source/include" -I../Drivers/STM32F4xx_HAL_Driver/Inc -I../Drivers/STM32F4xx_HAL_Driver/Inc/Legacy -I../Drivers/CMSIS/Device/ST/STM32F4xx/Include -I../Drivers/CMSIS/Include -O0 -ffunction-sections -fdata-sections -Wall -fstack-usage -MMD -MP -MF"Drivers/STM32F4xx_HAL_Driver/Src/stm32f4xx_hal_tim.d" -MT"Drivers/STM32F4xx_HAL_Driver/Src/stm32f4xx_hal_tim.o" --specs=nano.specs -mfpu=fpv4-sp-d16 -mfloat-abi=hard -mthumb -o "Drivers/STM32F4xx_HAL_Driver/Src/stm32f4xx_hal_tim.o"
arm-none-eabi-gcc "../Drivers/STM32F4xx_HAL_Driver/Src/stm32f4xx_hal_tim_ex.c" -mcpu=cortex-m4 -std=gnu11 -g3 -DDEBUG -DUSE_HAL_DRIVER -DSTM32F407xx -c -I../Core/Inc -I"D:/Users/abdul/STM32CubeIDE/FreeRTOS_Examples/15_FREERTOS_LED_CONTROL_WITH_BUTTON/Middlewares/Third_Party/FreeRTOS/org/source/portable/MemMang" -I"D:/Users/abdul/STM32CubeIDE/FreeRTOS_Examples/15_FREERTOS_LED_CONTROL_WITH_BUTTON/FreeRTOSConfig" -I"D:/Users/abdul/STM32CubeIDE/FreeRTOS_Examples/15_FREERTOS_LED_CONTROL_WITH_BUTTON/Middlewares/Third_Party/FreeRTOS/org/source/portable/GCC/ARM_CM4F" -I"D:/Users/abdul/STM32CubeIDE/FreeRTOS_Examples/15_FREERTOS_LED_CONTROL_WITH_BUTTON/Middlewares/Third_Party/FreeRTOS/org/source/include" -I../Drivers/STM32F4xx_HAL_Driver/Inc -I../Drivers/STM32F4xx_HAL_Driver/Inc/Legacy -I../Drivers/CMSIS/Device/ST/STM32F4xx/Include -I../Drivers/CMSIS/Include -O0 -ffunction-sections -fdata-sections -Wall -fstack-usage -MMD -MP -MF"Drivers/STM32F4xx_HAL_Driver/Src/stm32f4xx_hal_tim_ex.d" -MT"Drivers/STM32F4xx_HAL_Driver/Src/stm32f4xx_hal_tim_ex.o" --specs=nano.specs -mfpu=fpv4-sp-d16 -mfloat-abi=hard -mthumb -o "Drivers/STM32F4xx_HAL_Driver/Src/stm32f4xx_hal_tim_ex.o"
arm-none-eabi-gcc -mcpu=cortex-m4 -g3 -DDEBUG -c -x assembler-with-cpp -MMD -MP -MF"Core/Startup/startup_stm32f407vgtx.d" -MT"Core/Startup/startup_stm32f407vgtx.o" --specs=nano.specs -mfpu=fpv4-sp-d16 -mfloat-abi=hard -mthumb -o "Core/Startup/startup_stm32f407vgtx.o" "../Core/Startup/startup_stm32f407vgtx.s"
arm-none-eabi-gcc "../Core/Src/main.c" -mcpu=cortex-m4 -std=gnu11 -g3 -DDEBUG -DUSE_HAL_DRIVER -DSTM32F407xx -c -I../Core/Inc -I"D:/Users/abdul/STM32CubeIDE/FreeRTOS_Examples/15_FREERTOS_LED_CONTROL_WITH_BUTTON/Middlewares/Third_Party/FreeRTOS/org/source/portable/MemMang" -I"D:/Users/abdul/STM32CubeIDE/FreeRTOS_Examples/15_FREERTOS_LED_CONTROL_WITH_BUTTON/FreeRTOSConfig" -I"D:/Users/abdul/STM32CubeIDE/FreeRTOS_Examples/15_FREERTOS_LED_CONTROL_WITH_BUTTON/Middlewares/Third_Party/FreeRTOS/org/source/portable/GCC/ARM_CM4F" -I"D:/Users/abdul/STM32CubeIDE/FreeRTOS_Examples/15_FREERTOS_LED_CONTROL_WITH_BUTTON/Middlewares/Third_Party/FreeRTOS/org/source/include" -I../Drivers/STM32F4xx_HAL_Driver/Inc -I../Drivers/STM32F4xx_HAL_Driver/Inc/Legacy -I../Drivers/CMSIS/Device/ST/STM32F4xx/Include -I../Drivers/CMSIS/Include -O0 -ffunction-sections -fdata-sections -Wall -fstack-usage -MMD -MP -MF"Core/Src/main.d" -MT"Core/Src/main.o" --specs=nano.specs -mfpu=fpv4-sp-d16 -mfloat-abi=hard -mthumb -o "Core/Src/main.o"
arm-none-eabi-gcc "../Core/Src/stm32f4xx_hal_msp.c" -mcpu=cortex-m4 -std=gnu11 -g3 -DDEBUG -DUSE_HAL_DRIVER -DSTM32F407xx -c -I../Core/Inc -I"D:/Users/abdul/STM32CubeIDE/FreeRTOS_Examples/15_FREERTOS_LED_CONTROL_WITH_BUTTON/Middlewares/Third_Party/FreeRTOS/org/source/portable/MemMang" -I"D:/Users/abdul/STM32CubeIDE/FreeRTOS_Examples/15_FREERTOS_LED_CONTROL_WITH_BUTTON/FreeRTOSConfig" -I"D:/Users/abdul/STM32CubeIDE/FreeRTOS_Examples/15_FREERTOS_LED_CONTROL_WITH_BUTTON/Middlewares/Third_Party/FreeRTOS/org/source/portable/GCC/ARM_CM4F" -I"D:/Users/abdul/STM32CubeIDE/FreeRTOS_Examples/15_FREERTOS_LED_CONTROL_WITH_BUTTON/Middlewares/Third_Party/FreeRTOS/org/source/include" -I../Drivers/STM32F4xx_HAL_Driver/Inc -I../Drivers/STM32F4xx_HAL_Driver/Inc/Legacy -I../Drivers/CMSIS/Device/ST/STM32F4xx/Include -I../Drivers/CMSIS/Include -O0 -ffunction-sections -fdata-sections -Wall -fstack-usage -MMD -MP -MF"Core/Src/stm32f4xx_hal_msp.d" -MT"Core/Src/stm32f4xx_hal_msp.o" --specs=nano.specs -mfpu=fpv4-sp-d16 -mfloat-abi=hard -mthumb -o "Core/Src/stm32f4xx_hal_msp.o"
arm-none-eabi-gcc "../Core/Src/stm32f4xx_it.c" -mcpu=cortex-m4 -std=gnu11 -g3 -DDEBUG -DUSE_HAL_DRIVER -DSTM32F407xx -c -I../Core/Inc -I"D:/Users/abdul/STM32CubeIDE/FreeRTOS_Examples/15_FREERTOS_LED_CONTROL_WITH_BUTTON/Middlewares/Third_Party/FreeRTOS/org/source/portable/MemMang" -I"D:/Users/abdul/STM32CubeIDE/FreeRTOS_Examples/15_FREERTOS_LED_CONTROL_WITH_BUTTON/FreeRTOSConfig" -I"D:/Users/abdul/STM32CubeIDE/FreeRTOS_Examples/15_FREERTOS_LED_CONTROL_WITH_BUTTON/Middlewares/Third_Party/FreeRTOS/org/source/portable/GCC/ARM_CM4F" -I"D:/Users/abdul/STM32CubeIDE/FreeRTOS_Examples/15_FREERTOS_LED_CONTROL_WITH_BUTTON/Middlewares/Third_Party/FreeRTOS/org/source/include" -I../Drivers/STM32F4xx_HAL_Driver/Inc -I../Drivers/STM32F4xx_HAL_Driver/Inc/Legacy -I../Drivers/CMSIS/Device/ST/STM32F4xx/Include -I../Drivers/CMSIS/Include -O0 -ffunction-sections -fdata-sections -Wall -fstack-usage -MMD -MP -MF"Core/Src/stm32f4xx_it.d" -MT"Core/Src/stm32f4xx_it.o" --specs=nano.specs -mfpu=fpv4-sp-d16 -mfloat-abi=hard -mthumb -o "Core/Src/stm32f4xx_it.o"
arm-none-eabi-gcc "../Core/Src/syscalls.c" -mcpu=cortex-m4 -std=gnu11 -g3 -DDEBUG -DUSE_HAL_DRIVER -DSTM32F407xx -c -I../Core/Inc -I"D:/Users/abdul/STM32CubeIDE/FreeRTOS_Examples/15_FREERTOS_LED_CONTROL_WITH_BUTTON/Middlewares/Third_Party/FreeRTOS/org/source/portable/MemMang" -I"D:/Users/abdul/STM32CubeIDE/FreeRTOS_Examples/15_FREERTOS_LED_CONTROL_WITH_BUTTON/FreeRTOSConfig" -I"D:/Users/abdul/STM32CubeIDE/FreeRTOS_Examples/15_FREERTOS_LED_CONTROL_WITH_BUTTON/Middlewares/Third_Party/FreeRTOS/org/source/portable/GCC/ARM_CM4F" -I"D:/Users/abdul/STM32CubeIDE/FreeRTOS_Examples/15_FREERTOS_LED_CONTROL_WITH_BUTTON/Middlewares/Third_Party/FreeRTOS/org/source/include" -I../Drivers/STM32F4xx_HAL_Driver/Inc -I../Drivers/STM32F4xx_HAL_Driver/Inc/Legacy -I../Drivers/CMSIS/Device/ST/STM32F4xx/Include -I../Drivers/CMSIS/Include -O0 -ffunction-sections -fdata-sections -Wall -fstack-usage -MMD -MP -MF"Core/Src/syscalls.d" -MT"Core/Src/syscalls.o" --specs=nano.specs -mfpu=fpv4-sp-d16 -mfloat-abi=hard -mthumb -o "Core/Src/syscalls.o"
arm-none-eabi-gcc "../Core/Src/sysmem.c" -mcpu=cortex-m4 -std=gnu11 -g3 -DDEBUG -DUSE_HAL_DRIVER -DSTM32F407xx -c -I../Core/Inc -I"D:/Users/abdul/STM32CubeIDE/FreeRTOS_Examples/15_FREERTOS_LED_CONTROL_WITH_BUTTON/Middlewares/Third_Party/FreeRTOS/org/source/portable/MemMang" -I"D:/Users/abdul/STM32CubeIDE/FreeRTOS_Examples/15_FREERTOS_LED_CONTROL_WITH_BUTTON/FreeRTOSConfig" -I"D:/Users/abdul/STM32CubeIDE/FreeRTOS_Examples/15_FREERTOS_LED_CONTROL_WITH_BUTTON/Middlewares/Third_Party/FreeRTOS/org/source/portable/GCC/ARM_CM4F" -I"D:/Users/abdul/STM32CubeIDE/FreeRTOS_Examples/15_FREERTOS_LED_CONTROL_WITH_BUTTON/Middlewares/Third_Party/FreeRTOS/org/source/include" -I../Drivers/STM32F4xx_HAL_Driver/Inc -I../Drivers/STM32F4xx_HAL_Driver/Inc/Legacy -I../Drivers/CMSIS/Device/ST/STM32F4xx/Include -I../Drivers/CMSIS/Include -O0 -ffunction-sections -fdata-sections -Wall -fstack-usage -MMD -MP -MF"Core/Src/sysmem.d" -MT"Core/Src/sysmem.o" --specs=nano.specs -mfpu=fpv4-sp-d16 -mfloat-abi=hard -mthumb -o "Core/Src/sysmem.o"
arm-none-eabi-gcc "../Core/Src/system_stm32f4xx.c" -mcpu=cortex-m4 -std=gnu11 -g3 -DDEBUG -DUSE_HAL_DRIVER -DSTM32F407xx -c -I../Core/Inc -I"D:/Users/abdul/STM32CubeIDE/FreeRTOS_Examples/15_FREERTOS_LED_CONTROL_WITH_BUTTON/Middlewares/Third_Party/FreeRTOS/org/source/portable/MemMang" -I"D:/Users/abdul/STM32CubeIDE/FreeRTOS_Examples/15_FREERTOS_LED_CONTROL_WITH_BUTTON/FreeRTOSConfig" -I"D:/Users/abdul/STM32CubeIDE/FreeRTOS_Examples/15_FREERTOS_LED_CONTROL_WITH_BUTTON/Middlewares/Third_Party/FreeRTOS/org/source/portable/GCC/ARM_CM4F" -I"D:/Users/abdul/STM32CubeIDE/FreeRTOS_Examples/15_FREERTOS_LED_CONTROL_WITH_BUTTON/Middlewares/Third_Party/FreeRTOS/org/source/include" -I../Drivers/STM32F4xx_HAL_Driver/Inc -I../Drivers/STM32F4xx_HAL_Driver/Inc/Legacy -I../Drivers/CMSIS/Device/ST/STM32F4xx/Include -I../Drivers/CMSIS/Include -O0 -ffunction-sections -fdata-sections -Wall -fstack-usage -MMD -MP -MF"Core/Src/system_stm32f4xx.d" -MT"Core/Src/system_stm32f4xx.o" --specs=nano.specs -mfpu=fpv4-sp-d16 -mfloat-abi=hard -mthumb -o "Core/Src/system_stm32f4xx.o"
arm-none-eabi-gcc -o "15_FREERTOS_LED_CONTROL_WITH_BUTTON.elf" @"objects.list"   -mcpu=cortex-m4 -T"D:\Users\abdul\STM32CubeIDE\FreeRTOS_Examples\15_FREERTOS_LED_CONTROL_WITH_BUTTON\STM32F407VGTX_FLASH.ld" --specs=nosys.specs -Wl,-Map="15_FREERTOS_LED_CONTROL_WITH_BUTTON.map" -Wl,--gc-sections -static --specs=nano.specs -mfpu=fpv4-sp-d16 -mfloat-abi=hard -mthumb -Wl,--start-group -lc -lm -Wl,--end-group
Finished building target: 15_FREERTOS_LED_CONTROL_WITH_BUTTON.elf
 
arm-none-eabi-size   15_FREERTOS_LED_CONTROL_WITH_BUTTON.elf 
arm-none-eabi-objdump -h -S  15_FREERTOS_LED_CONTROL_WITH_BUTTON.elf  > "15_FREERTOS_LED_CONTROL_WITH_BUTTON.list"
   text	   data	    bss	    dec	    hex	filename
   5612	     20	   1708	   7340	   1cac	15_FREERTOS_LED_CONTROL_WITH_BUTTON.elf
Finished building: default.size.stdout
 
Finished building: 15_FREERTOS_LED_CONTROL_WITH_BUTTON.list
 

19:05:06 Build Finished. 0 errors, 0 warnings. (took 4s.695ms)

