23:09:41 **** Incremental Build of configuration Debug for project 0_CAN_Bus_Uart_First_Project ****
make -j8 all 
arm-none-eabi-gcc "../Core/Src/main.c" -mcpu=cortex-m4 -std=gnu11 -g3 -DDEBUG -DUSE_HAL_DRIVER -DSTM32F407xx -c -I../Core/Inc -I../Drivers/STM32F4xx_HAL_Driver/Inc -I../Drivers/STM32F4xx_HAL_Driver/Inc/Legacy -I../Drivers/CMSIS/Device/ST/STM32F4xx/Include -I../Drivers/CMSIS/Include -O0 -ffunction-sections -fdata-sections -Wall -fstack-usage -MMD -MP -MF"Core/Src/main.d" -MT"Core/Src/main.o" --specs=nano.specs -mfpu=fpv4-sp-d16 -mfloat-abi=hard -mthumb -o "Core/Src/main.o"
arm-none-eabi-gcc -o "0_CAN_Bus_Uart_First_Project.elf" @"objects.list"   -mcpu=cortex-m4 -T"D:\Users\abdul\STM32CubeIDE\CANBus_Examples\0_CAN_Bus_Uart_First_Project\STM32F407VGTX_FLASH.ld" --specs=nosys.specs -Wl,-Map="0_CAN_Bus_Uart_First_Project.map" -Wl,--gc-sections -static --specs=nano.specs -mfpu=fpv4-sp-d16 -mfloat-abi=hard -mthumb -Wl,--start-group -lc -lm -Wl,--end-group
Finished building target: 0_CAN_Bus_Uart_First_Project.elf
 
arm-none-eabi-size   0_CAN_Bus_Uart_First_Project.elf 
arm-none-eabi-objdump -h -S  0_CAN_Bus_Uart_First_Project.elf  > "0_CAN_Bus_Uart_First_Project.list"
   text	   data	    bss	    dec	    hex	filename
  10028	     20	   1708	  11756	   2dec	0_CAN_Bus_Uart_First_Project.elf
Finished building: default.size.stdout
 
Finished building: 0_CAN_Bus_Uart_First_Project.list
 

23:09:42 Build Finished. 0 errors, 0 warnings. (took 1s.312ms)

