Archive member included to satisfy reference by file (symbol)

d:/st/stm32cubeide_1.9.0/stm32cubeide/plugins/com.st.stm32cube.ide.mcu.externaltools.gnu-tools-for-stm32.10.3-2021.10.win32_1.0.0.202111181127/tools/bin/../lib/gcc/arm-none-eabi/10.3.1/../../../../arm-none-eabi/lib/thumb/v7e-m+fp/hard\libc_nano.a(lib_a-errno.o)
                              ./Core/Src/syscalls.o (__errno)
d:/st/stm32cubeide_1.9.0/stm32cubeide/plugins/com.st.stm32cube.ide.mcu.externaltools.gnu-tools-for-stm32.10.3-2021.10.win32_1.0.0.202111181127/tools/bin/../lib/gcc/arm-none-eabi/10.3.1/../../../../arm-none-eabi/lib/thumb/v7e-m+fp/hard\libc_nano.a(lib_a-exit.o)
                              d:/st/stm32cubeide_1.9.0/stm32cubeide/plugins/com.st.stm32cube.ide.mcu.externaltools.gnu-tools-for-stm32.10.3-2021.10.win32_1.0.0.202111181127/tools/bin/../lib/gcc/arm-none-eabi/10.3.1/../../../../arm-none-eabi/lib/thumb/v7e-m+fp/hard/crt0.o (exit)
d:/st/stm32cubeide_1.9.0/stm32cubeide/plugins/com.st.stm32cube.ide.mcu.externaltools.gnu-tools-for-stm32.10.3-2021.10.win32_1.0.0.202111181127/tools/bin/../lib/gcc/arm-none-eabi/10.3.1/../../../../arm-none-eabi/lib/thumb/v7e-m+fp/hard\libc_nano.a(lib_a-impure.o)
                              d:/st/stm32cubeide_1.9.0/stm32cubeide/plugins/com.st.stm32cube.ide.mcu.externaltools.gnu-tools-for-stm32.10.3-2021.10.win32_1.0.0.202111181127/tools/bin/../lib/gcc/arm-none-eabi/10.3.1/../../../../arm-none-eabi/lib/thumb/v7e-m+fp/hard\libc_nano.a(lib_a-exit.o) (_global_impure_ptr)
d:/st/stm32cubeide_1.9.0/stm32cubeide/plugins/com.st.stm32cube.ide.mcu.externaltools.gnu-tools-for-stm32.10.3-2021.10.win32_1.0.0.202111181127/tools/bin/../lib/gcc/arm-none-eabi/10.3.1/../../../../arm-none-eabi/lib/thumb/v7e-m+fp/hard\libc_nano.a(lib_a-init.o)
                              d:/st/stm32cubeide_1.9.0/stm32cubeide/plugins/com.st.stm32cube.ide.mcu.externaltools.gnu-tools-for-stm32.10.3-2021.10.win32_1.0.0.202111181127/tools/bin/../lib/gcc/arm-none-eabi/10.3.1/../../../../arm-none-eabi/lib/thumb/v7e-m+fp/hard/crt0.o (__libc_init_array)
d:/st/stm32cubeide_1.9.0/stm32cubeide/plugins/com.st.stm32cube.ide.mcu.externaltools.gnu-tools-for-stm32.10.3-2021.10.win32_1.0.0.202111181127/tools/bin/../lib/gcc/arm-none-eabi/10.3.1/../../../../arm-none-eabi/lib/thumb/v7e-m+fp/hard\libc_nano.a(lib_a-memcpy-stub.o)
                              ./Middlewares/Third_Party/FreeRTOS/org/source/queue.o (memcpy)
d:/st/stm32cubeide_1.9.0/stm32cubeide/plugins/com.st.stm32cube.ide.mcu.externaltools.gnu-tools-for-stm32.10.3-2021.10.win32_1.0.0.202111181127/tools/bin/../lib/gcc/arm-none-eabi/10.3.1/../../../../arm-none-eabi/lib/thumb/v7e-m+fp/hard\libc_nano.a(lib_a-memset.o)
                              d:/st/stm32cubeide_1.9.0/stm32cubeide/plugins/com.st.stm32cube.ide.mcu.externaltools.gnu-tools-for-stm32.10.3-2021.10.win32_1.0.0.202111181127/tools/bin/../lib/gcc/arm-none-eabi/10.3.1/../../../../arm-none-eabi/lib/thumb/v7e-m+fp/hard/crt0.o (memset)
d:/st/stm32cubeide_1.9.0/stm32cubeide/plugins/com.st.stm32cube.ide.mcu.externaltools.gnu-tools-for-stm32.10.3-2021.10.win32_1.0.0.202111181127/tools/bin/../lib/gcc/arm-none-eabi/10.3.1/thumb/v7e-m+fp/hard\libgcc.a(_aeabi_uldivmod.o)
                              ./Drivers/STM32F4xx_HAL_Driver/Src/stm32f4xx_hal_rcc.o (__aeabi_uldivmod)
d:/st/stm32cubeide_1.9.0/stm32cubeide/plugins/com.st.stm32cube.ide.mcu.externaltools.gnu-tools-for-stm32.10.3-2021.10.win32_1.0.0.202111181127/tools/bin/../lib/gcc/arm-none-eabi/10.3.1/thumb/v7e-m+fp/hard\libgcc.a(_udivmoddi4.o)
                              d:/st/stm32cubeide_1.9.0/stm32cubeide/plugins/com.st.stm32cube.ide.mcu.externaltools.gnu-tools-for-stm32.10.3-2021.10.win32_1.0.0.202111181127/tools/bin/../lib/gcc/arm-none-eabi/10.3.1/thumb/v7e-m+fp/hard\libgcc.a(_aeabi_uldivmod.o) (__udivmoddi4)
d:/st/stm32cubeide_1.9.0/stm32cubeide/plugins/com.st.stm32cube.ide.mcu.externaltools.gnu-tools-for-stm32.10.3-2021.10.win32_1.0.0.202111181127/tools/bin/../lib/gcc/arm-none-eabi/10.3.1/thumb/v7e-m+fp/hard\libgcc.a(_dvmd_tls.o)
                              d:/st/stm32cubeide_1.9.0/stm32cubeide/plugins/com.st.stm32cube.ide.mcu.externaltools.gnu-tools-for-stm32.10.3-2021.10.win32_1.0.0.202111181127/tools/bin/../lib/gcc/arm-none-eabi/10.3.1/thumb/v7e-m+fp/hard\libgcc.a(_aeabi_uldivmod.o) (__aeabi_ldiv0)

Discarded input sections

 .text          0x0000000000000000        0x0 d:/st/stm32cubeide_1.9.0/stm32cubeide/plugins/com.st.stm32cube.ide.mcu.externaltools.gnu-tools-for-stm32.10.3-2021.10.win32_1.0.0.202111181127/tools/bin/../lib/gcc/arm-none-eabi/10.3.1/thumb/v7e-m+fp/hard/crti.o
 .data          0x0000000000000000        0x0 d:/st/stm32cubeide_1.9.0/stm32cubeide/plugins/com.st.stm32cube.ide.mcu.externaltools.gnu-tools-for-stm32.10.3-2021.10.win32_1.0.0.202111181127/tools/bin/../lib/gcc/arm-none-eabi/10.3.1/thumb/v7e-m+fp/hard/crti.o
[...]
Memory Configuration

Name             Origin             Length             Attributes
CCMRAM           0x0000000010000000 0x0000000000010000 xrw
RAM              0x0000000020000000 0x0000000000020000 xrw
FLASH            0x0000000008000000 0x0000000000100000 xr
*default*        0x0000000000000000 0xffffffffffffffff

Linker script and memory map

LOAD d:/st/stm32cubeide_1.9.0/stm32cubeide/plugins/com.st.stm32cube.ide.mcu.externaltools.gnu-tools-for-stm32.10.3-2021.10.win32_1.0.0.202111181127/tools/bin/../lib/gcc/arm-none-eabi/10.3.1/thumb/v7e-m+fp/hard/crti.o
LOAD d:/st/stm32cubeide_1.9.0/stm32cubeide/plugins/com.st.stm32cube.ide.mcu.externaltools.gnu-tools-for-stm32.10.3-2021.10.win32_1.0.0.202111181127/tools/bin/../lib/gcc/arm-none-eabi/10.3.1/thumb/v7e-m+fp/hard/crtbegin.o
LOAD d:/st/stm32cubeide_1.9.0/stm32cubeide/plugins/com.st.stm32cube.ide.mcu.externaltools.gnu-tools-for-stm32.10.3-2021.10.win32_1.0.0.202111181127/tools/bin/../lib/gcc/arm-none-eabi/10.3.1/../../../../arm-none-eabi/lib/thumb/v7e-m+fp/hard/crt0.o
LOAD ./Core/Src/main.o
LOAD ./Core/Src/stm32f4xx_hal_msp.o
LOAD ./Core/Src/stm32f4xx_it.o
LOAD ./Core/Src/syscalls.o
LOAD ./Core/Src/sysmem.o
LOAD ./Core/Src/system_stm32f4xx.o
LOAD ./Core/Startup/startup_stm32f407vgtx.o
LOAD ./Drivers/STM32F4xx_HAL_Driver/Src/stm32f4xx_hal.o
LOAD ./Drivers/STM32F4xx_HAL_Driver/Src/stm32f4xx_hal_cortex.o
LOAD ./Drivers/STM32F4xx_HAL_Driver/Src/stm32f4xx_hal_dma.o
LOAD ./Drivers/STM32F4xx_HAL_Driver/Src/stm32f4xx_hal_dma_ex.o
LOAD ./Drivers/STM32F4xx_HAL_Driver/Src/stm32f4xx_hal_exti.o
LOAD ./Drivers/STM32F4xx_HAL_Driver/Src/stm32f4xx_hal_flash.o
LOAD ./Drivers/STM32F4xx_HAL_Driver/Src/stm32f4xx_hal_flash_ex.o
LOAD ./Drivers/STM32F4xx_HAL_Driver/Src/stm32f4xx_hal_flash_ramfunc.o
LOAD ./Drivers/STM32F4xx_HAL_Driver/Src/stm32f4xx_hal_gpio.o
LOAD ./Drivers/STM32F4xx_HAL_Driver/Src/stm32f4xx_hal_pwr.o
LOAD ./Drivers/STM32F4xx_HAL_Driver/Src/stm32f4xx_hal_pwr_ex.o
LOAD ./Drivers/STM32F4xx_HAL_Driver/Src/stm32f4xx_hal_rcc.o
LOAD ./Drivers/STM32F4xx_HAL_Driver/Src/stm32f4xx_hal_rcc_ex.o
LOAD ./Drivers/STM32F4xx_HAL_Driver/Src/stm32f4xx_hal_tim.o
LOAD ./Drivers/STM32F4xx_HAL_Driver/Src/stm32f4xx_hal_tim_ex.o
LOAD ./Middlewares/Third_Party/FreeRTOS/org/source/croutine.o
LOAD ./Middlewares/Third_Party/FreeRTOS/org/source/event_groups.o
LOAD ./Middlewares/Third_Party/FreeRTOS/org/source/list.o
LOAD ./Middlewares/Third_Party/FreeRTOS/org/source/queue.o
LOAD ./Middlewares/Third_Party/FreeRTOS/org/source/stream_buffer.o
LOAD ./Middlewares/Third_Party/FreeRTOS/org/source/tasks.o
LOAD ./Middlewares/Third_Party/FreeRTOS/org/source/timers.o
LOAD ./Middlewares/Third_Party/FreeRTOS/org/source/portable/GCC/ARM_CM4F/port.o
LOAD ./Middlewares/Third_Party/FreeRTOS/org/source/portable/MemMang/heap_4.o
START GROUP
LOAD d:/st/stm32cubeide_1.9.0/stm32cubeide/plugins/com.st.stm32cube.ide.mcu.externaltools.gnu-tools-for-stm32.10.3-2021.10.win32_1.0.0.202111181127/tools/bin/../lib/gcc/arm-none-eabi/10.3.1/../../../../arm-none-eabi/lib/thumb/v7e-m+fp/hard\libc_nano.a
LOAD d:/st/stm32cubeide_1.9.0/stm32cubeide/plugins/com.st.stm32cube.ide.mcu.externaltools.gnu-tools-for-stm32.10.3-2021.10.win32_1.0.0.202111181127/tools/bin/../lib/gcc/arm-none-eabi/10.3.1/../../../../arm-none-eabi/lib/thumb/v7e-m+fp/hard\libm.a
END GROUP
START GROUP
LOAD d:/st/stm32cubeide_1.9.0/stm32cubeide/plugins/com.st.stm32cube.ide.mcu.externaltools.gnu-tools-for-stm32.10.3-2021.10.win32_1.0.0.202111181127/tools/bin/../lib/gcc/arm-none-eabi/10.3.1/thumb/v7e-m+fp/hard\libgcc.a
LOAD d:/st/stm32cubeide_1.9.0/stm32cubeide/plugins/com.st.stm32cube.ide.mcu.externaltools.gnu-tools-for-stm32.10.3-2021.10.win32_1.0.0.202111181127/tools/bin/../lib/gcc/arm-none-eabi/10.3.1/../../../../arm-none-eabi/lib/thumb/v7e-m+fp/hard\libc_nano.a
END GROUP
START GROUP
LOAD d:/st/stm32cubeide_1.9.0/stm32cubeide/plugins/com.st.stm32cube.ide.mcu.externaltools.gnu-tools-for-stm32.10.3-2021.10.win32_1.0.0.202111181127/tools/bin/../lib/gcc/arm-none-eabi/10.3.1/thumb/v7e-m+fp/hard\libgcc.a
LOAD d:/st/stm32cubeide_1.9.0/stm32cubeide/plugins/com.st.stm32cube.ide.mcu.externaltools.gnu-tools-for-stm32.10.3-2021.10.win32_1.0.0.202111181127/tools/bin/../lib/gcc/arm-none-eabi/10.3.1/../../../../arm-none-eabi/lib/thumb/v7e-m+fp/hard\libc_nano.a
LOAD d:/st/stm32cubeide_1.9.0/stm32cubeide/plugins/com.st.stm32cube.ide.mcu.externaltools.gnu-tools-for-stm32.10.3-2021.10.win32_1.0.0.202111181127/tools/bin/../lib/gcc/arm-none-eabi/10.3.1/../../../../arm-none-eabi/lib/thumb/v7e-m+fp/hard\libnosys.a
END GROUP
START GROUP
LOAD d:/st/stm32cubeide_1.9.0/stm32cubeide/plugins/com.st.stm32cube.ide.mcu.externaltools.gnu-tools-for-stm32.10.3-2021.10.win32_1.0.0.202111181127/tools/bin/../lib/gcc/arm-none-eabi/10.3.1/thumb/v7e-m+fp/hard\libgcc.a
LOAD d:/st/stm32cubeide_1.9.0/stm32cubeide/plugins/com.st.stm32cube.ide.mcu.externaltools.gnu-tools-for-stm32.10.3-2021.10.win32_1.0.0.202111181127/tools/bin/../lib/gcc/arm-none-eabi/10.3.1/../../../../arm-none-eabi/lib/thumb/v7e-m+fp/hard\libc_nano.a
LOAD d:/st/stm32cubeide_1.9.0/stm32cubeide/plugins/com.st.stm32cube.ide.mcu.externaltools.gnu-tools-for-stm32.10.3-2021.10.win32_1.0.0.202111181127/tools/bin/../lib/gcc/arm-none-eabi/10.3.1/../../../../arm-none-eabi/lib/thumb/v7e-m+fp/hard\libnosys.a
END GROUP
LOAD d:/st/stm32cubeide_1.9.0/stm32cubeide/plugins/com.st.stm32cube.ide.mcu.externaltools.gnu-tools-for-stm32.10.3-2021.10.win32_1.0.0.202111181127/tools/bin/../lib/gcc/arm-none-eabi/10.3.1/thumb/v7e-m+fp/hard/crtend.o
LOAD d:/st/stm32cubeide_1.9.0/stm32cubeide/plugins/com.st.stm32cube.ide.mcu.externaltools.gnu-tools-for-stm32.10.3-2021.10.win32_1.0.0.202111181127/tools/bin/../lib/gcc/arm-none-eabi/10.3.1/thumb/v7e-m+fp/hard/crtn.o
                0x0000000020020000                _estack = (ORIGIN (RAM) + LENGTH (RAM))
                0x0000000000000200                _Min_Heap_Size = 0x200
                0x0000000000000400                _Min_Stack_Size = 0x400

.isr_vector     0x0000000008000000      0x188
                0x0000000008000000                . = ALIGN (0x4)
 *(.isr_vector)
 .isr_vector    0x0000000008000000      0x188 ./Core/Startup/startup_stm32f407vgtx.o
                0x0000000008000000                g_pfnVectors
                0x0000000008000188                . = ALIGN (0x4)

.text           0x0000000008000190     0x3874
                0x0000000008000190                . = ALIGN (0x4)
 *(.text)
 .text          0x0000000008000190       0x40 d:/st/stm32cubeide_1.9.0/stm32cubeide/plugins/com.st.stm32cube.ide.mcu.externaltools.gnu-tools-for-stm32.10.3-2021.10.win32_1.0.0.202111181127/tools/bin/../lib/gcc/arm-none-eabi/10.3.1/thumb/v7e-m+fp/hard/crtbegin.o
 .text          0x00000000080001d0       0x30 d:/st/stm32cubeide_1.9.0/stm32cubeide/plugins/com.st.stm32cube.ide.mcu.externaltools.gnu-tools-for-stm32.10.3-2021.10.win32_1.0.0.202111181127/tools/bin/../lib/gcc/arm-none-eabi/10.3.1/thumb/v7e-m+fp/hard\libgcc.a(_aeabi_uldivmod.o)
                0x00000000080001d0                __aeabi_uldivmod
 .text          0x0000000008000200      0x2d0 d:/st/stm32cubeide_1.9.0/stm32cubeide/plugins/com.st.stm32cube.ide.mcu.externaltools.gnu-tools-for-stm32.10.3-2021.10.win32_1.0.0.202111181127/tools/bin/../lib/gcc/arm-none-eabi/10.3.1/thumb/v7e-m+fp/hard\libgcc.a(_udivmoddi4.o)
                0x0000000008000200                __udivmoddi4
 .text          0x00000000080004d0        0x4 d:/st/stm32cubeide_1.9.0/stm32cubeide/plugins/com.st.stm32cube.ide.mcu.externaltools.gnu-tools-for-stm32.10.3-2021.10.win32_1.0.0.202111181127/tools/bin/../lib/gcc/arm-none-eabi/10.3.1/thumb/v7e-m+fp/hard\libgcc.a(_dvmd_tls.o)
                0x00000000080004d0                __aeabi_idiv0
                0x00000000080004d0                __aeabi_ldiv0
 *(.text*)
 .text.vApplicationIdleHook
                0x00000000080004d4       0x10 ./Core/Src/main.o
                0x00000000080004d4                vApplicationIdleHook
 .text.main     0x00000000080004e4       0x58 ./Core/Src/main.o
                0x00000000080004e4                main
 .text.SystemClock_Config
                0x000000000800053c       0xbc ./Core/Src/main.o
                0x000000000800053c                SystemClock_Config
 .text.MX_GPIO_Init
                0x00000000080005f8       0x68 ./Core/Src/main.o
 .text.task1Handler
                0x0000000008000660       0x30 ./Core/Src/main.o
                0x0000000008000660                task1Handler
 .text.task2Handler
                0x0000000008000690       0x30 ./Core/Src/main.o
                0x0000000008000690                task2Handler
 .text.Error_Handler
                0x00000000080006c0        0xa ./Core/Src/main.o
                0x00000000080006c0                Error_Handler
 *fill*         0x00000000080006ca        0x2 
 .text.HAL_MspInit
                0x00000000080006cc       0x50 ./Core/Src/stm32f4xx_hal_msp.o
                0x00000000080006cc                HAL_MspInit
 .text.NMI_Handler
                0x000000000800071c        0x6 ./Core/Src/stm32f4xx_it.o
                0x000000000800071c                NMI_Handler
 .text.HardFault_Handler
                0x0000000008000722        0x6 ./Core/Src/stm32f4xx_it.o
                0x0000000008000722                HardFault_Handler
 .text.MemManage_Handler
                0x0000000008000728        0x6 ./Core/Src/stm32f4xx_it.o
                0x0000000008000728                MemManage_Handler
 .text.BusFault_Handler
                0x000000000800072e        0x6 ./Core/Src/stm32f4xx_it.o
                0x000000000800072e                BusFault_Handler
 .text.UsageFault_Handler
                0x0000000008000734        0x6 ./Core/Src/stm32f4xx_it.o
                0x0000000008000734                UsageFault_Handler
 .text.DebugMon_Handler
                0x000000000800073a        0xe ./Core/Src/stm32f4xx_it.o
                0x000000000800073a                DebugMon_Handler
 .text.SystemInit
                0x0000000008000748       0x24 ./Core/Src/system_stm32f4xx.o
                0x0000000008000748                SystemInit
 .text.Reset_Handler
                0x000000000800076c       0x50 ./Core/Startup/startup_stm32f407vgtx.o
                0x000000000800076c                Reset_Handler
 .text.Default_Handler
                0x00000000080007bc        0x2 ./Core/Startup/startup_stm32f407vgtx.o
                0x00000000080007bc                RTC_Alarm_IRQHandler
                0x00000000080007bc                HASH_RNG_IRQHandler
                0x00000000080007bc                EXTI2_IRQHandler
                0x00000000080007bc                TIM8_CC_IRQHandler
                0x00000000080007bc                TIM1_CC_IRQHandler
                0x00000000080007bc                DMA2_Stream5_IRQHandler
                0x00000000080007bc                DMA1_Stream5_IRQHandler
                0x00000000080007bc                PVD_IRQHandler
                0x00000000080007bc                SDIO_IRQHandler
                0x00000000080007bc                TAMP_STAMP_IRQHandler
                0x00000000080007bc                CAN2_RX1_IRQHandler
                0x00000000080007bc                EXTI3_IRQHandler
                0x00000000080007bc                TIM8_TRG_COM_TIM14_IRQHandler
                0x00000000080007bc                TIM1_UP_TIM10_IRQHandler
                0x00000000080007bc                TIM8_UP_TIM13_IRQHandler
                0x00000000080007bc                I2C3_ER_IRQHandler
                0x00000000080007bc                EXTI0_IRQHandler
                0x00000000080007bc                I2C2_EV_IRQHandler
                0x00000000080007bc                DMA1_Stream2_IRQHandler
                0x00000000080007bc                CAN1_RX0_IRQHandler
                0x00000000080007bc                FPU_IRQHandler
                0x00000000080007bc                OTG_HS_WKUP_IRQHandler
                0x00000000080007bc                CAN2_SCE_IRQHandler
                0x00000000080007bc                DMA2_Stream2_IRQHandler
                0x00000000080007bc                SPI1_IRQHandler
                0x00000000080007bc                TIM6_DAC_IRQHandler
                0x00000000080007bc                TIM1_BRK_TIM9_IRQHandler
                0x00000000080007bc                DCMI_IRQHandler
                0x00000000080007bc                CAN2_RX0_IRQHandler
                0x00000000080007bc                DMA2_Stream3_IRQHandler
                0x00000000080007bc                USART6_IRQHandler
                0x00000000080007bc                USART3_IRQHandler
                0x00000000080007bc                CAN1_RX1_IRQHandler
                0x00000000080007bc                UART5_IRQHandler
                0x00000000080007bc                DMA2_Stream0_IRQHandler
                0x00000000080007bc                TIM4_IRQHandler
                0x00000000080007bc                I2C1_EV_IRQHandler
                0x00000000080007bc                DMA1_Stream6_IRQHandler
                0x00000000080007bc                DMA1_Stream1_IRQHandler
                0x00000000080007bc                UART4_IRQHandler
                0x00000000080007bc                TIM3_IRQHandler
                0x00000000080007bc                RCC_IRQHandler
                0x00000000080007bc                TIM8_BRK_TIM12_IRQHandler
                0x00000000080007bc                Default_Handler
                0x00000000080007bc                EXTI15_10_IRQHandler
                0x00000000080007bc                ADC_IRQHandler
                0x00000000080007bc                DMA1_Stream7_IRQHandler
                0x00000000080007bc                TIM7_IRQHandler
                0x00000000080007bc                CAN2_TX_IRQHandler
                0x00000000080007bc                TIM5_IRQHandler
                0x00000000080007bc                DMA2_Stream7_IRQHandler
                0x00000000080007bc                I2C3_EV_IRQHandler
                0x00000000080007bc                EXTI9_5_IRQHandler
                0x00000000080007bc                RTC_WKUP_IRQHandler
                0x00000000080007bc                ETH_WKUP_IRQHandler
                0x00000000080007bc                SPI2_IRQHandler
                0x00000000080007bc                OTG_HS_EP1_IN_IRQHandler
                0x00000000080007bc                DMA1_Stream0_IRQHandler
                0x00000000080007bc                CAN1_TX_IRQHandler
                0x00000000080007bc                EXTI4_IRQHandler
                0x00000000080007bc                FSMC_IRQHandler
                0x00000000080007bc                ETH_IRQHandler
                0x00000000080007bc                OTG_HS_EP1_OUT_IRQHandler
                0x00000000080007bc                WWDG_IRQHandler
                0x00000000080007bc                TIM2_IRQHandler
                0x00000000080007bc                OTG_FS_WKUP_IRQHandler
                0x00000000080007bc                TIM1_TRG_COM_TIM11_IRQHandler
                0x00000000080007bc                OTG_HS_IRQHandler
                0x00000000080007bc                EXTI1_IRQHandler
                0x00000000080007bc                USART2_IRQHandler
                0x00000000080007bc                I2C2_ER_IRQHandler
                0x00000000080007bc                DMA2_Stream1_IRQHandler
                0x00000000080007bc                CAN1_SCE_IRQHandler
                0x00000000080007bc                FLASH_IRQHandler
                0x00000000080007bc                DMA2_Stream4_IRQHandler
                0x00000000080007bc                USART1_IRQHandler
                0x00000000080007bc                OTG_FS_IRQHandler
                0x00000000080007bc                SPI3_IRQHandler
                0x00000000080007bc                DMA1_Stream4_IRQHandler
                0x00000000080007bc                I2C1_ER_IRQHandler
                0x00000000080007bc                DMA2_Stream6_IRQHandler
                0x00000000080007bc                DMA1_Stream3_IRQHandler
 *fill*         0x00000000080007be        0x2 
 .text.HAL_Init
                0x00000000080007c0       0x44 ./Drivers/STM32F4xx_HAL_Driver/Src/stm32f4xx_hal.o
                0x00000000080007c0                HAL_Init
 .text.HAL_InitTick
                0x0000000008000804       0x60 ./Drivers/STM32F4xx_HAL_Driver/Src/stm32f4xx_hal.o
                0x0000000008000804                HAL_InitTick
 .text.HAL_GetTick
                0x0000000008000864       0x18 ./Drivers/STM32F4xx_HAL_Driver/Src/stm32f4xx_hal.o
                0x0000000008000864                HAL_GetTick
 .text.__NVIC_SetPriorityGrouping
                0x000000000800087c       0x48 ./Drivers/STM32F4xx_HAL_Driver/Src/stm32f4xx_hal_cortex.o
 .text.__NVIC_GetPriorityGrouping
                0x00000000080008c4       0x1c ./Drivers/STM32F4xx_HAL_Driver/Src/stm32f4xx_hal_cortex.o
 .text.__NVIC_SetPriority
                0x00000000080008e0       0x54 ./Drivers/STM32F4xx_HAL_Driver/Src/stm32f4xx_hal_cortex.o
 .text.NVIC_EncodePriority
                0x0000000008000934       0x66 ./Drivers/STM32F4xx_HAL_Driver/Src/stm32f4xx_hal_cortex.o
 *fill*         0x000000000800099a        0x2 
 .text.SysTick_Config
                0x000000000800099c       0x44 ./Drivers/STM32F4xx_HAL_Driver/Src/stm32f4xx_hal_cortex.o
 .text.HAL_NVIC_SetPriorityGrouping
                0x00000000080009e0       0x16 ./Drivers/STM32F4xx_HAL_Driver/Src/stm32f4xx_hal_cortex.o
                0x00000000080009e0                HAL_NVIC_SetPriorityGrouping
 .text.HAL_NVIC_SetPriority
                0x00000000080009f6       0x38 ./Drivers/STM32F4xx_HAL_Driver/Src/stm32f4xx_hal_cortex.o
                0x00000000080009f6                HAL_NVIC_SetPriority
 .text.HAL_SYSTICK_Config
                0x0000000008000a2e       0x18 ./Drivers/STM32F4xx_HAL_Driver/Src/stm32f4xx_hal_cortex.o
                0x0000000008000a2e                HAL_SYSTICK_Config
 *fill*         0x0000000008000a46        0x2 
 .text.HAL_GPIO_Init
                0x0000000008000a48      0x338 ./Drivers/STM32F4xx_HAL_Driver/Src/stm32f4xx_hal_gpio.o
                0x0000000008000a48                HAL_GPIO_Init
 .text.HAL_GPIO_WritePin
                0x0000000008000d80       0x32 ./Drivers/STM32F4xx_HAL_Driver/Src/stm32f4xx_hal_gpio.o
                0x0000000008000d80                HAL_GPIO_WritePin
 *fill*         0x0000000008000db2        0x2 
 .text.HAL_RCC_OscConfig
                0x0000000008000db4      0x4f0 ./Drivers/STM32F4xx_HAL_Driver/Src/stm32f4xx_hal_rcc.o
                0x0000000008000db4                HAL_RCC_OscConfig
 .text.HAL_RCC_ClockConfig
                0x00000000080012a4      0x1cc ./Drivers/STM32F4xx_HAL_Driver/Src/stm32f4xx_hal_rcc.o
                0x00000000080012a4                HAL_RCC_ClockConfig
 .text.HAL_RCC_GetSysClockFreq
                0x0000000008001470      0x18c ./Drivers/STM32F4xx_HAL_Driver/Src/stm32f4xx_hal_rcc.o
                0x0000000008001470                HAL_RCC_GetSysClockFreq
 .text.vListInitialise
                0x00000000080015fc       0x40 ./Middlewares/Third_Party/FreeRTOS/org/source/list.o
                0x00000000080015fc                vListInitialise
 .text.vListInitialiseItem
                0x000000000800163c       0x1a ./Middlewares/Third_Party/FreeRTOS/org/source/list.o
                0x000000000800163c                vListInitialiseItem
 .text.vListInsert
                0x0000000008001656       0x72 ./Middlewares/Third_Party/FreeRTOS/org/source/list.o
                0x0000000008001656                vListInsert
 .text.uxListRemove
                0x00000000080016c8       0x54 ./Middlewares/Third_Party/FreeRTOS/org/source/list.o
                0x00000000080016c8                uxListRemove
 .text.xQueueGenericReset
                0x000000000800171c      0x120 ./Middlewares/Third_Party/FreeRTOS/org/source/queue.o
                0x000000000800171c                xQueueGenericReset
 .text.xQueueGenericCreate
                0x000000000800183c       0x9c ./Middlewares/Third_Party/FreeRTOS/org/source/queue.o
                0x000000000800183c                xQueueGenericCreate
 .text.prvInitialiseNewQueue
                0x00000000080018d8       0x46 ./Middlewares/Third_Party/FreeRTOS/org/source/queue.o
 *fill*         0x000000000800191e        0x2 
 .text.xQueueReceive
                0x0000000008001920      0x1c0 ./Middlewares/Third_Party/FreeRTOS/org/source/queue.o
                0x0000000008001920                xQueueReceive
 .text.prvCopyDataFromQueue
                0x0000000008001ae0       0x4c ./Middlewares/Third_Party/FreeRTOS/org/source/queue.o
 .text.prvUnlockQueue
                0x0000000008001b2c       0xa4 ./Middlewares/Third_Party/FreeRTOS/org/source/queue.o
 .text.prvIsQueueEmpty
                0x0000000008001bd0       0x2c ./Middlewares/Third_Party/FreeRTOS/org/source/queue.o
 .text.vQueueAddToRegistry
                0x0000000008001bfc       0x9c ./Middlewares/Third_Party/FreeRTOS/org/source/queue.o
                0x0000000008001bfc                vQueueAddToRegistry
 .text.vQueueWaitForMessageRestricted
                0x0000000008001c98       0x68 ./Middlewares/Third_Party/FreeRTOS/org/source/queue.o
                0x0000000008001c98                vQueueWaitForMessageRestricted
 .text.xTaskCreate
                0x0000000008001d00       0x82 ./Middlewares/Third_Party/FreeRTOS/org/source/tasks.o
                0x0000000008001d00                xTaskCreate
 .text.prvInitialiseNewTask
                0x0000000008001d82      0x148 ./Middlewares/Third_Party/FreeRTOS/org/source/tasks.o
 *fill*         0x0000000008001eca        0x2 
 .text.prvAddNewTaskToReadyList
                0x0000000008001ecc      0x12c ./Middlewares/Third_Party/FreeRTOS/org/source/tasks.o
 .text.vTaskDelay
                0x0000000008001ff8       0x68 ./Middlewares/Third_Party/FreeRTOS/org/source/tasks.o
                0x0000000008001ff8                vTaskDelay
 .text.vTaskStartScheduler
                0x0000000008002060       0xa4 ./Middlewares/Third_Party/FreeRTOS/org/source/tasks.o
                0x0000000008002060                vTaskStartScheduler
 .text.vTaskSuspendAll
                0x0000000008002104       0x1c ./Middlewares/Third_Party/FreeRTOS/org/source/tasks.o
                0x0000000008002104                vTaskSuspendAll
 .text.xTaskResumeAll
                0x0000000008002120      0x1f8 ./Middlewares/Third_Party/FreeRTOS/org/source/tasks.o
                0x0000000008002120                xTaskResumeAll
 .text.xTaskGetTickCount
                0x0000000008002318       0x20 ./Middlewares/Third_Party/FreeRTOS/org/source/tasks.o
                0x0000000008002318                xTaskGetTickCount
 .text.xTaskIncrementTick
                0x0000000008002338      0x22c ./Middlewares/Third_Party/FreeRTOS/org/source/tasks.o
                0x0000000008002338                xTaskIncrementTick
 .text.vTaskSwitchContext
                0x0000000008002564       0xb8 ./Middlewares/Third_Party/FreeRTOS/org/source/tasks.o
                0x0000000008002564                vTaskSwitchContext
 .text.vTaskPlaceOnEventList
                0x000000000800261c       0x48 ./Middlewares/Third_Party/FreeRTOS/org/source/tasks.o
                0x000000000800261c                vTaskPlaceOnEventList
 .text.vTaskPlaceOnEventListRestricted
                0x0000000008002664       0x8c ./Middlewares/Third_Party/FreeRTOS/org/source/tasks.o
                0x0000000008002664                vTaskPlaceOnEventListRestricted
 .text.xTaskRemoveFromEventList
                0x00000000080026f0      0x1ac ./Middlewares/Third_Party/FreeRTOS/org/source/tasks.o
                0x00000000080026f0                xTaskRemoveFromEventList
 .text.vTaskInternalSetTimeOutState
                0x000000000800289c       0x2c ./Middlewares/Third_Party/FreeRTOS/org/source/tasks.o
                0x000000000800289c                vTaskInternalSetTimeOutState
 .text.xTaskCheckForTimeOut
                0x00000000080028c8       0xcc ./Middlewares/Third_Party/FreeRTOS/org/source/tasks.o
                0x00000000080028c8                xTaskCheckForTimeOut
 .text.vTaskMissedYield
                0x0000000008002994       0x18 ./Middlewares/Third_Party/FreeRTOS/org/source/tasks.o
                0x0000000008002994                vTaskMissedYield
 .text.prvIdleTask
                0x00000000080029ac       0x34 ./Middlewares/Third_Party/FreeRTOS/org/source/tasks.o
 .text.prvInitialiseTaskLists
                0x00000000080029e0       0x80 ./Middlewares/Third_Party/FreeRTOS/org/source/tasks.o
 .text.prvCheckTasksWaitingTermination
                0x0000000008002a60       0x5c ./Middlewares/Third_Party/FreeRTOS/org/source/tasks.o
 .text.prvDeleteTCB
                0x0000000008002abc       0x20 ./Middlewares/Third_Party/FreeRTOS/org/source/tasks.o
 .text.prvResetNextTaskUnblockTime
                0x0000000008002adc       0x38 ./Middlewares/Third_Party/FreeRTOS/org/source/tasks.o
 .text.xTaskGetSchedulerState
                0x0000000008002b14       0x3c ./Middlewares/Third_Party/FreeRTOS/org/source/tasks.o
                0x0000000008002b14                xTaskGetSchedulerState
 .text.prvAddCurrentTaskToDelayedList
                0x0000000008002b50      0x100 ./Middlewares/Third_Party/FreeRTOS/org/source/tasks.o
 .text.xTimerCreateTimerTask
                0x0000000008002c50       0x64 ./Middlewares/Third_Party/FreeRTOS/org/source/timers.o
                0x0000000008002c50                xTimerCreateTimerTask
 .text.prvReloadTimer
                0x0000000008002cb4       0x42 ./Middlewares/Third_Party/FreeRTOS/org/source/timers.o
 *fill*         0x0000000008002cf6        0x2 
 .text.prvProcessExpiredTimer
                0x0000000008002cf8       0x60 ./Middlewares/Third_Party/FreeRTOS/org/source/timers.o
 .text.prvTimerTask
                0x0000000008002d58       0x24 ./Middlewares/Third_Party/FreeRTOS/org/source/timers.o
 .text.prvProcessTimerOrBlockTask
                0x0000000008002d7c       0x9c ./Middlewares/Third_Party/FreeRTOS/org/source/timers.o
 .text.prvGetNextExpireTime
                0x0000000008002e18       0x48 ./Middlewares/Third_Party/FreeRTOS/org/source/timers.o
 .text.prvSampleTimeNow
                0x0000000008002e60       0x40 ./Middlewares/Third_Party/FreeRTOS/org/source/timers.o
 .text.prvInsertTimerInActiveList
                0x0000000008002ea0       0x84 ./Middlewares/Third_Party/FreeRTOS/org/source/timers.o
 .text.prvProcessReceivedCommands
                0x0000000008002f24      0x17c ./Middlewares/Third_Party/FreeRTOS/org/source/timers.o
 .text.prvSwitchTimerLists
                0x00000000080030a0       0x4c ./Middlewares/Third_Party/FreeRTOS/org/source/timers.o
 .text.prvCheckForValidListAndQueue
                0x00000000080030ec       0x6c ./Middlewares/Third_Party/FreeRTOS/org/source/timers.o
 .text.pxPortInitialiseStack
                0x0000000008003158       0x68 ./Middlewares/Third_Party/FreeRTOS/org/source/portable/GCC/ARM_CM4F/port.o
                0x0000000008003158                pxPortInitialiseStack
 .text.prvTaskExitError
                0x00000000080031c0       0x58 ./Middlewares/Third_Party/FreeRTOS/org/source/portable/GCC/ARM_CM4F/port.o
 *fill*         0x0000000008003218        0x8 
 .text.SVC_Handler
                0x0000000008003220       0x28 ./Middlewares/Third_Party/FreeRTOS/org/source/portable/GCC/ARM_CM4F/port.o
                0x0000000008003220                SVC_Handler
 .text.prvPortStartFirstTask
                0x0000000008003248       0x2c ./Middlewares/Third_Party/FreeRTOS/org/source/portable/GCC/ARM_CM4F/port.o
 .text.xPortStartScheduler
                0x0000000008003274      0x144 ./Middlewares/Third_Party/FreeRTOS/org/source/portable/GCC/ARM_CM4F/port.o
                0x0000000008003274                xPortStartScheduler
 .text.vPortEnterCritical
                0x00000000080033b8       0x60 ./Middlewares/Third_Party/FreeRTOS/org/source/portable/GCC/ARM_CM4F/port.o
                0x00000000080033b8                vPortEnterCritical
 .text.vPortExitCritical
                0x0000000008003418       0x54 ./Middlewares/Third_Party/FreeRTOS/org/source/portable/GCC/ARM_CM4F/port.o
                0x0000000008003418                vPortExitCritical
 *fill*         0x000000000800346c        0x4 
 .text.PendSV_Handler
                0x0000000008003470       0x68 ./Middlewares/Third_Party/FreeRTOS/org/source/portable/GCC/ARM_CM4F/port.o
                0x0000000008003470                PendSV_Handler
 .text.SysTick_Handler
                0x00000000080034d8       0x44 ./Middlewares/Third_Party/FreeRTOS/org/source/portable/GCC/ARM_CM4F/port.o
                0x00000000080034d8                SysTick_Handler
 .text.vPortSetupTimerInterrupt
                0x000000000800351c       0x48 ./Middlewares/Third_Party/FreeRTOS/org/source/portable/GCC/ARM_CM4F/port.o
                0x000000000800351c                vPortSetupTimerInterrupt
 .text.vPortEnableVFP
                0x0000000008003564       0x18 ./Middlewares/Third_Party/FreeRTOS/org/source/portable/GCC/ARM_CM4F/port.o
 .text.pvPortMalloc
                0x000000000800357c      0x1c0 ./Middlewares/Third_Party/FreeRTOS/org/source/portable/MemMang/heap_4.o
                0x000000000800357c                pvPortMalloc
 .text.vPortFree
                0x000000000800373c       0xc4 ./Middlewares/Third_Party/FreeRTOS/org/source/portable/MemMang/heap_4.o
                0x000000000800373c                vPortFree
 .text.prvHeapInit
                0x0000000008003800       0xc4 ./Middlewares/Third_Party/FreeRTOS/org/source/portable/MemMang/heap_4.o
 .text.prvInsertBlockIntoFreeList
                0x00000000080038c4       0xb4 ./Middlewares/Third_Party/FreeRTOS/org/source/portable/MemMang/heap_4.o
 .text.__libc_init_array
                0x0000000008003978       0x48 d:/st/stm32cubeide_1.9.0/stm32cubeide/plugins/com.st.stm32cube.ide.mcu.externaltools.gnu-tools-for-stm32.10.3-2021.10.win32_1.0.0.202111181127/tools/bin/../lib/gcc/arm-none-eabi/10.3.1/../../../../arm-none-eabi/lib/thumb/v7e-m+fp/hard\libc_nano.a(lib_a-init.o)
                0x0000000008003978                __libc_init_array
 .text.memcpy   0x00000000080039c0       0x1c d:/st/stm32cubeide_1.9.0/stm32cubeide/plugins/com.st.stm32cube.ide.mcu.externaltools.gnu-tools-for-stm32.10.3-2021.10.win32_1.0.0.202111181127/tools/bin/../lib/gcc/arm-none-eabi/10.3.1/../../../../arm-none-eabi/lib/thumb/v7e-m+fp/hard\libc_nano.a(lib_a-memcpy-stub.o)
                0x00000000080039c0                memcpy
 .text.memset   0x00000000080039dc       0x10 d:/st/stm32cubeide_1.9.0/stm32cubeide/plugins/com.st.stm32cube.ide.mcu.externaltools.gnu-tools-for-stm32.10.3-2021.10.win32_1.0.0.202111181127/tools/bin/../lib/gcc/arm-none-eabi/10.3.1/../../../../arm-none-eabi/lib/thumb/v7e-m+fp/hard\libc_nano.a(lib_a-memset.o)
                0x00000000080039dc                memset
 *(.glue_7)
 .glue_7        0x00000000080039ec        0x0 linker stubs
 *(.glue_7t)
 .glue_7t       0x00000000080039ec        0x0 linker stubs
 *(.eh_frame)
 .eh_frame      0x00000000080039ec        0x0 d:/st/stm32cubeide_1.9.0/stm32cubeide/plugins/com.st.stm32cube.ide.mcu.externaltools.gnu-tools-for-stm32.10.3-2021.10.win32_1.0.0.202111181127/tools/bin/../lib/gcc/arm-none-eabi/10.3.1/thumb/v7e-m+fp/hard/crtbegin.o
 *(.init)
 .init          0x00000000080039ec        0x4 d:/st/stm32cubeide_1.9.0/stm32cubeide/plugins/com.st.stm32cube.ide.mcu.externaltools.gnu-tools-for-stm32.10.3-2021.10.win32_1.0.0.202111181127/tools/bin/../lib/gcc/arm-none-eabi/10.3.1/thumb/v7e-m+fp/hard/crti.o
                0x00000000080039ec                _init
 .init          0x00000000080039f0        0x8 d:/st/stm32cubeide_1.9.0/stm32cubeide/plugins/com.st.stm32cube.ide.mcu.externaltools.gnu-tools-for-stm32.10.3-2021.10.win32_1.0.0.202111181127/tools/bin/../lib/gcc/arm-none-eabi/10.3.1/thumb/v7e-m+fp/hard/crtn.o
 *(.fini)
 .fini          0x00000000080039f8        0x4 d:/st/stm32cubeide_1.9.0/stm32cubeide/plugins/com.st.stm32cube.ide.mcu.externaltools.gnu-tools-for-stm32.10.3-2021.10.win32_1.0.0.202111181127/tools/bin/../lib/gcc/arm-none-eabi/10.3.1/thumb/v7e-m+fp/hard/crti.o
                0x00000000080039f8                _fini
 .fini          0x00000000080039fc        0x8 d:/st/stm32cubeide_1.9.0/stm32cubeide/plugins/com.st.stm32cube.ide.mcu.externaltools.gnu-tools-for-stm32.10.3-2021.10.win32_1.0.0.202111181127/tools/bin/../lib/gcc/arm-none-eabi/10.3.1/thumb/v7e-m+fp/hard/crtn.o
                0x0000000008003a04                . = ALIGN (0x4)
                0x0000000008003a04                _etext = .

.vfp11_veneer   0x0000000008003a04        0x0
 .vfp11_veneer  0x0000000008003a04        0x0 linker stubs

.v4_bx          0x0000000008003a04        0x0
 .v4_bx         0x0000000008003a04        0x0 linker stubs

.iplt           0x0000000008003a04        0x0
 .iplt          0x0000000008003a04        0x0 d:/st/stm32cubeide_1.9.0/stm32cubeide/plugins/com.st.stm32cube.ide.mcu.externaltools.gnu-tools-for-stm32.10.3-2021.10.win32_1.0.0.202111181127/tools/bin/../lib/gcc/arm-none-eabi/10.3.1/thumb/v7e-m+fp/hard/crtbegin.o

.rodata         0x0000000008003a04       0x38
                0x0000000008003a04                . = ALIGN (0x4)
 *(.rodata)
 .rodata        0x0000000008003a04        0xe ./Core/Src/main.o
 *fill*         0x0000000008003a12        0x2 
 .rodata        0x0000000008003a14        0x5 ./Middlewares/Third_Party/FreeRTOS/org/source/tasks.o
 *fill*         0x0000000008003a19        0x3 
 .rodata        0x0000000008003a1c        0xd ./Middlewares/Third_Party/FreeRTOS/org/source/timers.o
 *(.rodata*)
 *fill*         0x0000000008003a29        0x3 
 .rodata.AHBPrescTable
                0x0000000008003a2c       0x10 ./Core/Src/system_stm32f4xx.o
                0x0000000008003a2c                AHBPrescTable
                0x0000000008003a3c                . = ALIGN (0x4)

.ARM.extab      0x0000000008003a3c        0x0
                0x0000000008003a3c                . = ALIGN (0x4)
 *(.ARM.extab* .gnu.linkonce.armextab.*)
                0x0000000008003a3c                . = ALIGN (0x4)

.ARM            0x0000000008003a3c        0x8
                0x0000000008003a3c                . = ALIGN (0x4)
                0x0000000008003a3c                __exidx_start = .
 *(.ARM.exidx*)
 .ARM.exidx     0x0000000008003a3c        0x8 d:/st/stm32cubeide_1.9.0/stm32cubeide/plugins/com.st.stm32cube.ide.mcu.externaltools.gnu-tools-for-stm32.10.3-2021.10.win32_1.0.0.202111181127/tools/bin/../lib/gcc/arm-none-eabi/10.3.1/thumb/v7e-m+fp/hard\libgcc.a(_udivmoddi4.o)
                0x0000000008003a44                __exidx_end = .
                0x0000000008003a44                . = ALIGN (0x4)

.rel.dyn        0x0000000008003a44        0x0
 .rel.iplt      0x0000000008003a44        0x0 d:/st/stm32cubeide_1.9.0/stm32cubeide/plugins/com.st.stm32cube.ide.mcu.externaltools.gnu-tools-for-stm32.10.3-2021.10.win32_1.0.0.202111181127/tools/bin/../lib/gcc/arm-none-eabi/10.3.1/thumb/v7e-m+fp/hard/crtbegin.o

.preinit_array  0x0000000008003a44        0x0
                0x0000000008003a44                . = ALIGN (0x4)
                0x0000000008003a44                PROVIDE (__preinit_array_start = .)
 *(.preinit_array*)
                0x0000000008003a44                PROVIDE (__preinit_array_end = .)
                0x0000000008003a44                . = ALIGN (0x4)

.init_array     0x0000000008003a44        0x4
                0x0000000008003a44                . = ALIGN (0x4)
                0x0000000008003a44                PROVIDE (__init_array_start = .)
 *(SORT_BY_NAME(.init_array.*))
 *(.init_array*)
 .init_array    0x0000000008003a44        0x4 d:/st/stm32cubeide_1.9.0/stm32cubeide/plugins/com.st.stm32cube.ide.mcu.externaltools.gnu-tools-for-stm32.10.3-2021.10.win32_1.0.0.202111181127/tools/bin/../lib/gcc/arm-none-eabi/10.3.1/thumb/v7e-m+fp/hard/crtbegin.o
                0x0000000008003a48                PROVIDE (__init_array_end = .)
                0x0000000008003a48                . = ALIGN (0x4)

.fini_array     0x0000000008003a48        0x4
                0x0000000008003a48                . = ALIGN (0x4)
                [!provide]                        PROVIDE (__fini_array_start = .)
 *(SORT_BY_NAME(.fini_array.*))
 *(.fini_array*)
 .fini_array    0x0000000008003a48        0x4 d:/st/stm32cubeide_1.9.0/stm32cubeide/plugins/com.st.stm32cube.ide.mcu.externaltools.gnu-tools-for-stm32.10.3-2021.10.win32_1.0.0.202111181127/tools/bin/../lib/gcc/arm-none-eabi/10.3.1/thumb/v7e-m+fp/hard/crtbegin.o
                [!provide]                        PROVIDE (__fini_array_end = .)
                0x0000000008003a4c                . = ALIGN (0x4)
                0x0000000008003a4c                _sidata = LOADADDR (.data)

.data           0x0000000020000000       0x14 load address 0x0000000008003a4c
                0x0000000020000000                . = ALIGN (0x4)
                0x0000000020000000                _sdata = .
 *(.data)
 *(.data*)
 .data.SystemCoreClock
                0x0000000020000000        0x4 ./Core/Src/system_stm32f4xx.o
                0x0000000020000000                SystemCoreClock
 .data.uwTickPrio
                0x0000000020000004        0x4 ./Drivers/STM32F4xx_HAL_Driver/Src/stm32f4xx_hal.o
                0x0000000020000004                uwTickPrio
 .data.uwTickFreq
                0x0000000020000008        0x1 ./Drivers/STM32F4xx_HAL_Driver/Src/stm32f4xx_hal.o
                0x0000000020000008                uwTickFreq
 *fill*         0x0000000020000009        0x3 
 .data.uxTopUsedPriority
                0x000000002000000c        0x4 ./Middlewares/Third_Party/FreeRTOS/org/source/tasks.o
                0x000000002000000c                uxTopUsedPriority
 .data.uxCriticalNesting
                0x0000000020000010        0x4 ./Middlewares/Third_Party/FreeRTOS/org/source/portable/GCC/ARM_CM4F/port.o
 *(.RamFunc)
 *(.RamFunc*)
                0x0000000020000014                . = ALIGN (0x4)
                0x0000000020000014                _edata = .
                0x0000000008003a60                _siccmram = LOADADDR (.ccmram)

.igot.plt       0x0000000020000014        0x0 load address 0x0000000008003a60
 .igot.plt      0x0000000020000014        0x0 d:/st/stm32cubeide_1.9.0/stm32cubeide/plugins/com.st.stm32cube.ide.mcu.externaltools.gnu-tools-for-stm32.10.3-2021.10.win32_1.0.0.202111181127/tools/bin/../lib/gcc/arm-none-eabi/10.3.1/thumb/v7e-m+fp/hard/crtbegin.o

.ccmram         0x0000000010000000        0x0 load address 0x0000000008003a60
                0x0000000010000000                . = ALIGN (0x4)
                0x0000000010000000                _sccmram = .
 *(.ccmram)
 *(.ccmram*)
                0x0000000010000000                . = ALIGN (0x4)
                0x0000000010000000                _eccmram = .
                0x0000000010000000                . = ALIGN (0x4)

.bss            0x0000000020000014    0x12dd0
                0x0000000020000014                _sbss = .
                0x0000000020000014                __bss_start__ = _sbss
 *(.bss)
 .bss           0x0000000020000014       0x1c d:/st/stm32cubeide_1.9.0/stm32cubeide/plugins/com.st.stm32cube.ide.mcu.externaltools.gnu-tools-for-stm32.10.3-2021.10.win32_1.0.0.202111181127/tools/bin/../lib/gcc/arm-none-eabi/10.3.1/thumb/v7e-m+fp/hard/crtbegin.o
 *(.bss*)
 .bss.mytask1Handle
                0x0000000020000030        0x4 ./Core/Src/main.o
                0x0000000020000030                mytask1Handle
 .bss.mytask2Handle
                0x0000000020000034        0x4 ./Core/Src/main.o
                0x0000000020000034                mytask2Handle
 .bss.uwTick    0x0000000020000038        0x4 ./Drivers/STM32F4xx_HAL_Driver/Src/stm32f4xx_hal.o
                0x0000000020000038                uwTick
 .bss.xQueueRegistry
                0x000000002000003c       0x40 ./Middlewares/Third_Party/FreeRTOS/org/source/queue.o
                0x000000002000003c                xQueueRegistry
 .bss.pxCurrentTCB
                0x000000002000007c        0x4 ./Middlewares/Third_Party/FreeRTOS/org/source/tasks.o
                0x000000002000007c                pxCurrentTCB
 .bss.pxReadyTasksLists
                0x0000000020000080       0x64 ./Middlewares/Third_Party/FreeRTOS/org/source/tasks.o
 .bss.xDelayedTaskList1
                0x00000000200000e4       0x14 ./Middlewares/Third_Party/FreeRTOS/org/source/tasks.o
 .bss.xDelayedTaskList2
                0x00000000200000f8       0x14 ./Middlewares/Third_Party/FreeRTOS/org/source/tasks.o
 .bss.pxDelayedTaskList
                0x000000002000010c        0x4 ./Middlewares/Third_Party/FreeRTOS/org/source/tasks.o
 .bss.pxOverflowDelayedTaskList
                0x0000000020000110        0x4 ./Middlewares/Third_Party/FreeRTOS/org/source/tasks.o
 .bss.xPendingReadyList
                0x0000000020000114       0x14 ./Middlewares/Third_Party/FreeRTOS/org/source/tasks.o
 .bss.xTasksWaitingTermination
                0x0000000020000128       0x14 ./Middlewares/Third_Party/FreeRTOS/org/source/tasks.o
 .bss.uxDeletedTasksWaitingCleanUp
                0x000000002000013c        0x4 ./Middlewares/Third_Party/FreeRTOS/org/source/tasks.o
 .bss.xSuspendedTaskList
                0x0000000020000140       0x14 ./Middlewares/Third_Party/FreeRTOS/org/source/tasks.o
 .bss.uxCurrentNumberOfTasks
                0x0000000020000154        0x4 ./Middlewares/Third_Party/FreeRTOS/org/source/tasks.o
 .bss.xTickCount
                0x0000000020000158        0x4 ./Middlewares/Third_Party/FreeRTOS/org/source/tasks.o
 .bss.uxTopReadyPriority
                0x000000002000015c        0x4 ./Middlewares/Third_Party/FreeRTOS/org/source/tasks.o
 .bss.xSchedulerRunning
                0x0000000020000160        0x4 ./Middlewares/Third_Party/FreeRTOS/org/source/tasks.o
 .bss.xPendedTicks
                0x0000000020000164        0x4 ./Middlewares/Third_Party/FreeRTOS/org/source/tasks.o
 .bss.xYieldPending
                0x0000000020000168        0x4 ./Middlewares/Third_Party/FreeRTOS/org/source/tasks.o
 .bss.xNumOfOverflows
                0x000000002000016c        0x4 ./Middlewares/Third_Party/FreeRTOS/org/source/tasks.o
 .bss.uxTaskNumber
                0x0000000020000170        0x4 ./Middlewares/Third_Party/FreeRTOS/org/source/tasks.o
 .bss.xNextTaskUnblockTime
                0x0000000020000174        0x4 ./Middlewares/Third_Party/FreeRTOS/org/source/tasks.o
 .bss.xIdleTaskHandle
                0x0000000020000178        0x4 ./Middlewares/Third_Party/FreeRTOS/org/source/tasks.o
 .bss.uxSchedulerSuspended
                0x000000002000017c        0x4 ./Middlewares/Third_Party/FreeRTOS/org/source/tasks.o
 .bss.xActiveTimerList1
                0x0000000020000180       0x14 ./Middlewares/Third_Party/FreeRTOS/org/source/timers.o
 .bss.xActiveTimerList2
                0x0000000020000194       0x14 ./Middlewares/Third_Party/FreeRTOS/org/source/timers.o
 .bss.pxCurrentTimerList
                0x00000000200001a8        0x4 ./Middlewares/Third_Party/FreeRTOS/org/source/timers.o
 .bss.pxOverflowTimerList
                0x00000000200001ac        0x4 ./Middlewares/Third_Party/FreeRTOS/org/source/timers.o
 .bss.xTimerQueue
                0x00000000200001b0        0x4 ./Middlewares/Third_Party/FreeRTOS/org/source/timers.o
 .bss.xTimerTaskHandle
                0x00000000200001b4        0x4 ./Middlewares/Third_Party/FreeRTOS/org/source/timers.o
 .bss.xLastTime.0
                0x00000000200001b8        0x4 ./Middlewares/Third_Party/FreeRTOS/org/source/timers.o
 .bss.ucMaxSysCallPriority
                0x00000000200001bc        0x1 ./Middlewares/Third_Party/FreeRTOS/org/source/portable/GCC/ARM_CM4F/port.o
 *fill*         0x00000000200001bd        0x3 
 .bss.ulMaxPRIGROUPValue
                0x00000000200001c0        0x4 ./Middlewares/Third_Party/FreeRTOS/org/source/portable/GCC/ARM_CM4F/port.o
 .bss.ucHeap    0x00000000200001c4    0x12c00 ./Middlewares/Third_Party/FreeRTOS/org/source/portable/MemMang/heap_4.o
 .bss.xStart    0x0000000020012dc4        0x8 ./Middlewares/Third_Party/FreeRTOS/org/source/portable/MemMang/heap_4.o
 .bss.pxEnd     0x0000000020012dcc        0x4 ./Middlewares/Third_Party/FreeRTOS/org/source/portable/MemMang/heap_4.o
 .bss.xFreeBytesRemaining
                0x0000000020012dd0        0x4 ./Middlewares/Third_Party/FreeRTOS/org/source/portable/MemMang/heap_4.o
 .bss.xMinimumEverFreeBytesRemaining
                0x0000000020012dd4        0x4 ./Middlewares/Third_Party/FreeRTOS/org/source/portable/MemMang/heap_4.o
 .bss.xNumberOfSuccessfulAllocations
                0x0000000020012dd8        0x4 ./Middlewares/Third_Party/FreeRTOS/org/source/portable/MemMang/heap_4.o
 .bss.xNumberOfSuccessfulFrees
                0x0000000020012ddc        0x4 ./Middlewares/Third_Party/FreeRTOS/org/source/portable/MemMang/heap_4.o
 .bss.xBlockAllocatedBit
                0x0000000020012de0        0x4 ./Middlewares/Third_Party/FreeRTOS/org/source/portable/MemMang/heap_4.o
 *(COMMON)
                0x0000000020012de4                . = ALIGN (0x4)
                0x0000000020012de4                _ebss = .
                0x0000000020012de4                __bss_end__ = _ebss

._user_heap_stack
                0x0000000020012de4      0x604
                0x0000000020012de8                . = ALIGN (0x8)
 *fill*         0x0000000020012de4        0x4 
                [!provide]                        PROVIDE (end = .)
                0x0000000020012de8                PROVIDE (_end = .)
                0x0000000020012fe8                . = (. + _Min_Heap_Size)
 *fill*         0x0000000020012de8      0x200 
                0x00000000200133e8                . = (. + _Min_Stack_Size)
 *fill*         0x0000000020012fe8      0x400 
                0x00000000200133e8                . = ALIGN (0x8)

/DISCARD/
 libc.a(*)
 libm.a(*)
 libgcc.a(*)

.ARM.attributes
                0x0000000000000000       0x30
 *(.ARM.attributes)
 .ARM.attributes
                0x0000000000000000       0x1e d:/st/stm32cubeide_1.9.0/stm32cubeide/plugins/com.st.stm32cube.ide.mcu.externaltools.gnu-tools-for-stm32.10.3-2021.10.win32_1.0.0.202111181127/tools/bin/../lib/gcc/arm-none-eabi/10.3.1/thumb/v7e-m+fp/hard/crti.o
 .ARM.attributes
                0x000000000000001e       0x34 d:/st/stm32cubeide_1.9.0/stm32cubeide/plugins/com.st.stm32cube.ide.mcu.externaltools.gnu-tools-for-stm32.10.3-2021.10.win32_1.0.0.202111181127/tools/bin/../lib/gcc/arm-none-eabi/10.3.1/thumb/v7e-m+fp/hard/crtbegin.o
 .ARM.attributes
                0x0000000000000052       0x34 ./Core/Src/main.o
 .ARM.attributes
                0x0000000000000086       0x34 ./Core/Src/stm32f4xx_hal_msp.o
 .ARM.attributes
                0x00000000000000ba       0x34 ./Core/Src/stm32f4xx_it.o
 .ARM.attributes
                0x00000000000000ee       0x34 ./Core/Src/system_stm32f4xx.o
 .ARM.attributes
                0x0000000000000122       0x21 ./Core/Startup/startup_stm32f407vgtx.o
 .ARM.attributes
                0x0000000000000143       0x34 ./Drivers/STM32F4xx_HAL_Driver/Src/stm32f4xx_hal.o
 .ARM.attributes
                0x0000000000000177       0x34 ./Drivers/STM32F4xx_HAL_Driver/Src/stm32f4xx_hal_cortex.o
 .ARM.attributes
                0x00000000000001ab       0x34 ./Drivers/STM32F4xx_HAL_Driver/Src/stm32f4xx_hal_gpio.o
 .ARM.attributes
                0x00000000000001df       0x34 ./Drivers/STM32F4xx_HAL_Driver/Src/stm32f4xx_hal_rcc.o
 .ARM.attributes
                0x0000000000000213       0x34 ./Middlewares/Third_Party/FreeRTOS/org/source/list.o
 .ARM.attributes
                0x0000000000000247       0x34 ./Middlewares/Third_Party/FreeRTOS/org/source/queue.o
 .ARM.attributes
                0x000000000000027b       0x34 ./Middlewares/Third_Party/FreeRTOS/org/source/tasks.o
 .ARM.attributes
                0x00000000000002af       0x34 ./Middlewares/Third_Party/FreeRTOS/org/source/timers.o
 .ARM.attributes
                0x00000000000002e3       0x34 ./Middlewares/Third_Party/FreeRTOS/org/source/portable/GCC/ARM_CM4F/port.o
 .ARM.attributes
                0x0000000000000317       0x34 ./Middlewares/Third_Party/FreeRTOS/org/source/portable/MemMang/heap_4.o
 .ARM.attributes
                0x000000000000034b       0x34 d:/st/stm32cubeide_1.9.0/stm32cubeide/plugins/com.st.stm32cube.ide.mcu.externaltools.gnu-tools-for-stm32.10.3-2021.10.win32_1.0.0.202111181127/tools/bin/../lib/gcc/arm-none-eabi/10.3.1/../../../../arm-none-eabi/lib/thumb/v7e-m+fp/hard\libc_nano.a(lib_a-init.o)
 .ARM.attributes
                0x000000000000037f       0x34 d:/st/stm32cubeide_1.9.0/stm32cubeide/plugins/com.st.stm32cube.ide.mcu.externaltools.gnu-tools-for-stm32.10.3-2021.10.win32_1.0.0.202111181127/tools/bin/../lib/gcc/arm-none-eabi/10.3.1/../../../../arm-none-eabi/lib/thumb/v7e-m+fp/hard\libc_nano.a(lib_a-memcpy-stub.o)
 .ARM.attributes
                0x00000000000003b3       0x34 d:/st/stm32cubeide_1.9.0/stm32cubeide/plugins/com.st.stm32cube.ide.mcu.externaltools.gnu-tools-for-stm32.10.3-2021.10.win32_1.0.0.202111181127/tools/bin/../lib/gcc/arm-none-eabi/10.3.1/../../../../arm-none-eabi/lib/thumb/v7e-m+fp/hard\libc_nano.a(lib_a-memset.o)
 .ARM.attributes
                0x00000000000003e7       0x1e d:/st/stm32cubeide_1.9.0/stm32cubeide/plugins/com.st.stm32cube.ide.mcu.externaltools.gnu-tools-for-stm32.10.3-2021.10.win32_1.0.0.202111181127/tools/bin/../lib/gcc/arm-none-eabi/10.3.1/thumb/v7e-m+fp/hard\libgcc.a(_aeabi_uldivmod.o)
 .ARM.attributes
                0x0000000000000405       0x34 d:/st/stm32cubeide_1.9.0/stm32cubeide/plugins/com.st.stm32cube.ide.mcu.externaltools.gnu-tools-for-stm32.10.3-2021.10.win32_1.0.0.202111181127/tools/bin/../lib/gcc/arm-none-eabi/10.3.1/thumb/v7e-m+fp/hard\libgcc.a(_udivmoddi4.o)
 .ARM.attributes
                0x0000000000000439       0x1e d:/st/stm32cubeide_1.9.0/stm32cubeide/plugins/com.st.stm32cube.ide.mcu.externaltools.gnu-tools-for-stm32.10.3-2021.10.win32_1.0.0.202111181127/tools/bin/../lib/gcc/arm-none-eabi/10.3.1/thumb/v7e-m+fp/hard\libgcc.a(_dvmd_tls.o)
 .ARM.attributes
                0x0000000000000457       0x1e d:/st/stm32cubeide_1.9.0/stm32cubeide/plugins/com.st.stm32cube.ide.mcu.externaltools.gnu-tools-for-stm32.10.3-2021.10.win32_1.0.0.202111181127/tools/bin/../lib/gcc/arm-none-eabi/10.3.1/thumb/v7e-m+fp/hard/crtn.o
OUTPUT(10_FREERTOS_HAL_IDLE_HOOK.elf elf32-littlearm)
LOAD linker stubs
LOAD d:/st/stm32cubeide_1.9.0/stm32cubeide/plugins/com.st.stm32cube.ide.mcu.externaltools.gnu-tools-for-stm32.10.3-2021.10.win32_1.0.0.202111181127/tools/bin/../lib/gcc/arm-none-eabi/10.3.1/../../../../arm-none-eabi/lib/thumb/v7e-m+fp/hard\libc.a
LOAD d:/st/stm32cubeide_1.9.0/stm32cubeide/plugins/com.st.stm32cube.ide.mcu.externaltools.gnu-tools-for-stm32.10.3-2021.10.win32_1.0.0.202111181127/tools/bin/../lib/gcc/arm-none-eabi/10.3.1/../../../../arm-none-eabi/lib/thumb/v7e-m+fp/hard\libm.a
LOAD d:/st/stm32cubeide_1.9.0/stm32cubeide/plugins/com.st.stm32cube.ide.mcu.externaltools.gnu-tools-for-stm32.10.3-2021.10.win32_1.0.0.202111181127/tools/bin/../lib/gcc/arm-none-eabi/10.3.1/thumb/v7e-m+fp/hard\libgcc.a

.debug_info     0x0000000000000000     0x93ac
 .debug_info    0x0000000000000000      0x820 ./Core/Src/main.o
 .debug_info    0x0000000000000820      0x2a8 ./Core/Src/stm32f4xx_hal_msp.o
 .debug_info    0x0000000000000ac8       0xe3 ./Core/Src/stm32f4xx_it.o
 .debug_info    0x0000000000000bab      0x523 ./Core/Src/system_stm32f4xx.o
 .debug_info    0x00000000000010ce       0x22 ./Core/Startup/startup_stm32f407vgtx.o
 .debug_info    0x00000000000010f0      0x97c ./Drivers/STM32F4xx_HAL_Driver/Src/stm32f4xx_hal.o
 .debug_info    0x0000000000001a6c      0xe1b ./Drivers/STM32F4xx_HAL_Driver/Src/stm32f4xx_hal_cortex.o
 .debug_info    0x0000000000002887      0x76a ./Drivers/STM32F4xx_HAL_Driver/Src/stm32f4xx_hal_gpio.o
 .debug_info    0x0000000000002ff1      0x966 ./Drivers/STM32F4xx_HAL_Driver/Src/stm32f4xx_hal_rcc.o
 .debug_info    0x0000000000003957      0x2d1 ./Middlewares/Third_Party/FreeRTOS/org/source/list.o
 .debug_info    0x0000000000003c28     0x1926 ./Middlewares/Third_Party/FreeRTOS/org/source/queue.o
 .debug_info    0x000000000000554e     0x25c7 ./Middlewares/Third_Party/FreeRTOS/org/source/tasks.o
 .debug_info    0x0000000000007b15      0xe83 ./Middlewares/Third_Party/FreeRTOS/org/source/timers.o
 .debug_info    0x0000000000008998      0x507 ./Middlewares/Third_Party/FreeRTOS/org/source/portable/GCC/ARM_CM4F/port.o
 .debug_info    0x0000000000008e9f      0x50d ./Middlewares/Third_Party/FreeRTOS/org/source/portable/MemMang/heap_4.o

.debug_abbrev   0x0000000000000000     0x1cf3
 .debug_abbrev  0x0000000000000000      0x26c ./Core/Src/main.o
 .debug_abbrev  0x000000000000026c       0xd4 ./Core/Src/stm32f4xx_hal_msp.o
 .debug_abbrev  0x0000000000000340       0x47 ./Core/Src/stm32f4xx_it.o
 .debug_abbrev  0x0000000000000387      0x116 ./Core/Src/system_stm32f4xx.o
 .debug_abbrev  0x000000000000049d       0x12 ./Core/Startup/startup_stm32f407vgtx.o
 .debug_abbrev  0x00000000000004af      0x20d ./Drivers/STM32F4xx_HAL_Driver/Src/stm32f4xx_hal.o
 .debug_abbrev  0x00000000000006bc      0x316 ./Drivers/STM32F4xx_HAL_Driver/Src/stm32f4xx_hal_cortex.o
 .debug_abbrev  0x00000000000009d2      0x1c4 ./Drivers/STM32F4xx_HAL_Driver/Src/stm32f4xx_hal_gpio.o
 .debug_abbrev  0x0000000000000b96      0x2aa ./Drivers/STM32F4xx_HAL_Driver/Src/stm32f4xx_hal_rcc.o
 .debug_abbrev  0x0000000000000e40       0xf2 ./Middlewares/Third_Party/FreeRTOS/org/source/list.o
 .debug_abbrev  0x0000000000000f32      0x312 ./Middlewares/Third_Party/FreeRTOS/org/source/queue.o
 .debug_abbrev  0x0000000000001244      0x37f ./Middlewares/Third_Party/FreeRTOS/org/source/tasks.o
 .debug_abbrev  0x00000000000015c3      0x2c5 ./Middlewares/Third_Party/FreeRTOS/org/source/timers.o
 .debug_abbrev  0x0000000000001888      0x259 ./Middlewares/Third_Party/FreeRTOS/org/source/portable/GCC/ARM_CM4F/port.o
 .debug_abbrev  0x0000000000001ae1      0x212 ./Middlewares/Third_Party/FreeRTOS/org/source/portable/MemMang/heap_4.o

.debug_aranges  0x0000000000000000      0x910
 .debug_aranges
                0x0000000000000000       0x50 ./Core/Src/main.o
 .debug_aranges
                0x0000000000000050       0x20 ./Core/Src/stm32f4xx_hal_msp.o
 .debug_aranges
                0x0000000000000070       0x48 ./Core/Src/stm32f4xx_it.o
 .debug_aranges
                0x00000000000000b8       0x28 ./Core/Src/system_stm32f4xx.o
 .debug_aranges
                0x00000000000000e0       0x28 ./Core/Startup/startup_stm32f407vgtx.o
 .debug_aranges
                0x0000000000000108       0xf0 ./Drivers/STM32F4xx_HAL_Driver/Src/stm32f4xx_hal.o
 .debug_aranges
                0x00000000000001f8      0x118 ./Drivers/STM32F4xx_HAL_Driver/Src/stm32f4xx_hal_cortex.o
 .debug_aranges
                0x0000000000000310       0x58 ./Drivers/STM32F4xx_HAL_Driver/Src/stm32f4xx_hal_gpio.o
 .debug_aranges
                0x0000000000000368       0x88 ./Drivers/STM32F4xx_HAL_Driver/Src/stm32f4xx_hal_rcc.o
 .debug_aranges
                0x00000000000003f0       0x40 ./Middlewares/Third_Party/FreeRTOS/org/source/list.o
 .debug_aranges
                0x0000000000000430      0x130 ./Middlewares/Third_Party/FreeRTOS/org/source/queue.o
 .debug_aranges
                0x0000000000000560      0x1f8 ./Middlewares/Third_Party/FreeRTOS/org/source/tasks.o
 .debug_aranges
                0x0000000000000758       0xe0 ./Middlewares/Third_Party/FreeRTOS/org/source/timers.o
 .debug_aranges
                0x0000000000000838       0x80 ./Middlewares/Third_Party/FreeRTOS/org/source/portable/GCC/ARM_CM4F/port.o
 .debug_aranges
                0x00000000000008b8       0x58 ./Middlewares/Third_Party/FreeRTOS/org/source/portable/MemMang/heap_4.o

.debug_ranges   0x0000000000000000      0x828
 .debug_ranges  0x0000000000000000       0x40 ./Core/Src/main.o
 .debug_ranges  0x0000000000000040       0x10 ./Core/Src/stm32f4xx_hal_msp.o
 .debug_ranges  0x0000000000000050       0x38 ./Core/Src/stm32f4xx_it.o
 .debug_ranges  0x0000000000000088       0x18 ./Core/Src/system_stm32f4xx.o
 .debug_ranges  0x00000000000000a0       0x20 ./Core/Startup/startup_stm32f407vgtx.o
 .debug_ranges  0x00000000000000c0       0xe0 ./Drivers/STM32F4xx_HAL_Driver/Src/stm32f4xx_hal.o
 .debug_ranges  0x00000000000001a0      0x108 ./Drivers/STM32F4xx_HAL_Driver/Src/stm32f4xx_hal_cortex.o
 .debug_ranges  0x00000000000002a8       0x48 ./Drivers/STM32F4xx_HAL_Driver/Src/stm32f4xx_hal_gpio.o
 .debug_ranges  0x00000000000002f0       0x78 ./Drivers/STM32F4xx_HAL_Driver/Src/stm32f4xx_hal_rcc.o
 .debug_ranges  0x0000000000000368       0x30 ./Middlewares/Third_Party/FreeRTOS/org/source/list.o
 .debug_ranges  0x0000000000000398      0x120 ./Middlewares/Third_Party/FreeRTOS/org/source/queue.o
 .debug_ranges  0x00000000000004b8      0x1e8 ./Middlewares/Third_Party/FreeRTOS/org/source/tasks.o
 .debug_ranges  0x00000000000006a0       0xd0 ./Middlewares/Third_Party/FreeRTOS/org/source/timers.o
 .debug_ranges  0x0000000000000770       0x70 ./Middlewares/Third_Party/FreeRTOS/org/source/portable/GCC/ARM_CM4F/port.o
 .debug_ranges  0x00000000000007e0       0x48 ./Middlewares/Third_Party/FreeRTOS/org/source/portable/MemMang/heap_4.o

.debug_macro    0x0000000000000000    0x20508
 .debug_macro   0x0000000000000000      0x227 ./Core/Src/main.o
 .debug_macro   0x0000000000000227      0xa78 ./Core/Src/main.o
 .debug_macro   0x0000000000000c9f      0x28f ./Core/Src/main.o
 .debug_macro   0x0000000000000f2e       0x2e ./Core/Src/main.o
 .debug_macro   0x0000000000000f5c       0x2f ./Core/Src/main.o
 .debug_macro   0x0000000000000f8b       0x22 ./Core/Src/main.o
 .debug_macro   0x0000000000000fad       0x8e ./Core/Src/main.o
 .debug_macro   0x000000000000103b       0x51 ./Core/Src/main.o
 .debug_macro   0x000000000000108c      0x103 ./Core/Src/main.o
 .debug_macro   0x000000000000118f       0x6a ./Core/Src/main.o
 .debug_macro   0x00000000000011f9      0x1df ./Core/Src/main.o
 .debug_macro   0x00000000000013d8       0x1c ./Core/Src/main.o
 .debug_macro   0x00000000000013f4       0x22 ./Core/Src/main.o
 .debug_macro   0x0000000000001416       0xd9 ./Core/Src/main.o
 .debug_macro   0x00000000000014ef     0x102d ./Core/Src/main.o
 .debug_macro   0x000000000000251c      0x11f ./Core/Src/main.o
 .debug_macro   0x000000000000263b    0x15e82 ./Core/Src/main.o
 .debug_macro   0x00000000000184bd       0x6d ./Core/Src/main.o
 .debug_macro   0x000000000001852a     0x367e ./Core/Src/main.o
 .debug_macro   0x000000000001bba8      0x174 ./Core/Src/main.o
 .debug_macro   0x000000000001bd1c       0x5c ./Core/Src/main.o
 .debug_macro   0x000000000001bd78      0x96b ./Core/Src/main.o
 .debug_macro   0x000000000001c6e3      0x9fe ./Core/Src/main.o
 .debug_macro   0x000000000001d0e1      0x115 ./Core/Src/main.o
 .debug_macro   0x000000000001d1f6      0x13e ./Core/Src/main.o
 .debug_macro   0x000000000001d334       0xa5 ./Core/Src/main.o
 .debug_macro   0x000000000001d3d9      0x174 ./Core/Src/main.o
 .debug_macro   0x000000000001d54d      0x287 ./Core/Src/main.o
 .debug_macro   0x000000000001d7d4       0x5f ./Core/Src/main.o
 .debug_macro   0x000000000001d833      0x236 ./Core/Src/main.o
 .debug_macro   0x000000000001da69      0x12c ./Core/Src/main.o
 .debug_macro   0x000000000001db95      0x21e ./Core/Src/main.o
 .debug_macro   0x000000000001ddb3       0x2e ./Core/Src/main.o
 .debug_macro   0x000000000001dde1      0x11a ./Core/Src/main.o
 .debug_macro   0x000000000001defb       0x7e ./Core/Src/main.o
 .debug_macro   0x000000000001df79       0x89 ./Core/Src/main.o
 .debug_macro   0x000000000001e002      0x12d ./Core/Src/main.o
 .debug_macro   0x000000000001e12f      0x106 ./Core/Src/main.o
 .debug_macro   0x000000000001e235      0x15a ./Core/Src/main.o
 .debug_macro   0x000000000001e38f       0xea ./Core/Src/main.o
 .debug_macro   0x000000000001e479       0x28 ./Core/Src/main.o
 .debug_macro   0x000000000001e4a1       0x1f ./Core/Src/main.o
 .debug_macro   0x000000000001e4c0       0x12 ./Core/Src/main.o
 .debug_macro   0x000000000001e4d2      0x50b ./Core/Src/main.o
 .debug_macro   0x000000000001e9dd       0xc3 ./Core/Src/main.o
 .debug_macro   0x000000000001eaa0      0x120 ./Core/Src/main.o
 .debug_macro   0x000000000001ebc0      0x1ba ./Core/Src/stm32f4xx_hal_msp.o
 .debug_macro   0x000000000001ed7a      0x1c4 ./Core/Src/stm32f4xx_it.o
 .debug_macro   0x000000000001ef3e      0x1b0 ./Core/Src/system_stm32f4xx.o
 .debug_macro   0x000000000001f0ee      0x210 ./Drivers/STM32F4xx_HAL_Driver/Src/stm32f4xx_hal.o
 .debug_macro   0x000000000001f2fe      0x1b0 ./Drivers/STM32F4xx_HAL_Driver/Src/stm32f4xx_hal_cortex.o
 .debug_macro   0x000000000001f4ae      0x1b6 ./Drivers/STM32F4xx_HAL_Driver/Src/stm32f4xx_hal_gpio.o
 .debug_macro   0x000000000001f664      0x1d4 ./Drivers/STM32F4xx_HAL_Driver/Src/stm32f4xx_hal_rcc.o
 .debug_macro   0x000000000001f838      0x198 ./Middlewares/Third_Party/FreeRTOS/org/source/list.o
 .debug_macro   0x000000000001f9d0      0x221 ./Middlewares/Third_Party/FreeRTOS/org/source/queue.o
 .debug_macro   0x000000000001fbf1       0x16 ./Middlewares/Third_Party/FreeRTOS/org/source/queue.o
 .debug_macro   0x000000000001fc07       0x20 ./Middlewares/Third_Party/FreeRTOS/org/source/queue.o
 .debug_macro   0x000000000001fc27       0x80 ./Middlewares/Third_Party/FreeRTOS/org/source/queue.o
 .debug_macro   0x000000000001fca7      0x27e ./Middlewares/Third_Party/FreeRTOS/org/source/tasks.o
 .debug_macro   0x000000000001ff25       0x17 ./Middlewares/Third_Party/FreeRTOS/org/source/tasks.o
 .debug_macro   0x000000000001ff3c      0x1e7 ./Middlewares/Third_Party/FreeRTOS/org/source/timers.o
 .debug_macro   0x0000000000020123       0x97 ./Middlewares/Third_Party/FreeRTOS/org/source/timers.o
 .debug_macro   0x00000000000201ba      0x19b ./Middlewares/Third_Party/FreeRTOS/org/source/portable/GCC/ARM_CM4F/port.o
 .debug_macro   0x0000000000020355      0x1b3 ./Middlewares/Third_Party/FreeRTOS/org/source/portable/MemMang/heap_4.o

.debug_line     0x0000000000000000     0xa802
 .debug_line    0x0000000000000000      0x956 ./Core/Src/main.o
 .debug_line    0x0000000000000956      0x66e ./Core/Src/stm32f4xx_hal_msp.o
 .debug_line    0x0000000000000fc4      0x6f3 ./Core/Src/stm32f4xx_it.o
 .debug_line    0x00000000000016b7      0x6f0 ./Core/Src/system_stm32f4xx.o
 .debug_line    0x0000000000001da7       0x88 ./Core/Startup/startup_stm32f407vgtx.o
 .debug_line    0x0000000000001e2f      0x956 ./Drivers/STM32F4xx_HAL_Driver/Src/stm32f4xx_hal.o
 .debug_line    0x0000000000002785      0xc05 ./Drivers/STM32F4xx_HAL_Driver/Src/stm32f4xx_hal_cortex.o
 .debug_line    0x000000000000338a      0xaca ./Drivers/STM32F4xx_HAL_Driver/Src/stm32f4xx_hal_gpio.o
 .debug_line    0x0000000000003e54      0xcd0 ./Drivers/STM32F4xx_HAL_Driver/Src/stm32f4xx_hal_rcc.o
 .debug_line    0x0000000000004b24      0x7dd ./Middlewares/Third_Party/FreeRTOS/org/source/list.o
 .debug_line    0x0000000000005301     0x1706 ./Middlewares/Third_Party/FreeRTOS/org/source/queue.o
 .debug_line    0x0000000000006a07     0x1e26 ./Middlewares/Third_Party/FreeRTOS/org/source/tasks.o
 .debug_line    0x000000000000882d      0xce9 ./Middlewares/Third_Party/FreeRTOS/org/source/timers.o
 .debug_line    0x0000000000009516      0x8c4 ./Middlewares/Third_Party/FreeRTOS/org/source/portable/GCC/ARM_CM4F/port.o
 .debug_line    0x0000000000009dda      0xa28 ./Middlewares/Third_Party/FreeRTOS/org/source/portable/MemMang/heap_4.o

.debug_str      0x0000000000000000    0xc7a8c
 .debug_str     0x0000000000000000    0xbf9c6 ./Core/Src/main.o
                                      0xbfc8f (size before relaxing)
 .debug_str     0x00000000000bf9c6       0x2c ./Core/Src/stm32f4xx_hal_msp.o
                                      0xba9eb (size before relaxing)
 .debug_str     0x00000000000bf9f2       0x92 ./Core/Src/stm32f4xx_it.o
                                      0xba93a (size before relaxing)
 .debug_str     0x00000000000bfa84       0xdb ./Core/Src/system_stm32f4xx.o
                                      0xbaa9b (size before relaxing)
 .debug_str     0x00000000000bfb5f       0x36 ./Core/Startup/startup_stm32f407vgtx.o
                                         0x84 (size before relaxing)
 .debug_str     0x00000000000bfb95      0xb13 ./Drivers/STM32F4xx_HAL_Driver/Src/stm32f4xx_hal.o
                                      0xbb61f (size before relaxing)
 .debug_str     0x00000000000c06a8      0x34d ./Drivers/STM32F4xx_HAL_Driver/Src/stm32f4xx_hal_cortex.o
                                      0xbb352 (size before relaxing)
 .debug_str     0x00000000000c09f5      0x131 ./Drivers/STM32F4xx_HAL_Driver/Src/stm32f4xx_hal_gpio.o
                                      0xbac16 (size before relaxing)
 .debug_str     0x00000000000c0b26      0x233 ./Drivers/STM32F4xx_HAL_Driver/Src/stm32f4xx_hal_rcc.o
                                      0xbaecf (size before relaxing)
 .debug_str     0x00000000000c0d59     0x3020 ./Middlewares/Third_Party/FreeRTOS/org/source/list.o
                                       0xac86 (size before relaxing)
 .debug_str     0x00000000000c3d79     0x122a ./Middlewares/Third_Party/FreeRTOS/org/source/queue.o
                                       0xd120 (size before relaxing)
 .debug_str     0x00000000000c4fa3     0x1ae5 ./Middlewares/Third_Party/FreeRTOS/org/source/tasks.o
                                       0xdd94 (size before relaxing)
 .debug_str     0x00000000000c6a88      0x55d ./Middlewares/Third_Party/FreeRTOS/org/source/timers.o
                                       0xd4e3 (size before relaxing)
 .debug_str     0x00000000000c6fe5      0x77f ./Middlewares/Third_Party/FreeRTOS/org/source/portable/GCC/ARM_CM4F/port.o
                                       0x9772 (size before relaxing)
 .debug_str     0x00000000000c7764      0x328 ./Middlewares/Third_Party/FreeRTOS/org/source/portable/MemMang/heap_4.o
                                       0xc14f (size before relaxing)

.comment        0x0000000000000000       0x50
 .comment       0x0000000000000000       0x50 ./Core/Src/main.o
                                         0x51 (size before relaxing)
 .comment       0x0000000000000050       0x51 ./Core/Src/stm32f4xx_hal_msp.o
 .comment       0x0000000000000050       0x51 ./Core/Src/stm32f4xx_it.o
 .comment       0x0000000000000050       0x51 ./Core/Src/system_stm32f4xx.o
 .comment       0x0000000000000050       0x51 ./Drivers/STM32F4xx_HAL_Driver/Src/stm32f4xx_hal.o
 .comment       0x0000000000000050       0x51 ./Drivers/STM32F4xx_HAL_Driver/Src/stm32f4xx_hal_cortex.o
 .comment       0x0000000000000050       0x51 ./Drivers/STM32F4xx_HAL_Driver/Src/stm32f4xx_hal_gpio.o
 .comment       0x0000000000000050       0x51 ./Drivers/STM32F4xx_HAL_Driver/Src/stm32f4xx_hal_rcc.o
 .comment       0x0000000000000050       0x51 ./Middlewares/Third_Party/FreeRTOS/org/source/list.o
 .comment       0x0000000000000050       0x51 ./Middlewares/Third_Party/FreeRTOS/org/source/queue.o
 .comment       0x0000000000000050       0x51 ./Middlewares/Third_Party/FreeRTOS/org/source/tasks.o
 .comment       0x0000000000000050       0x51 ./Middlewares/Third_Party/FreeRTOS/org/source/timers.o
 .comment       0x0000000000000050       0x51 ./Middlewares/Third_Party/FreeRTOS/org/source/portable/GCC/ARM_CM4F/port.o
 .comment       0x0000000000000050       0x51 ./Middlewares/Third_Party/FreeRTOS/org/source/portable/MemMang/heap_4.o

.debug_frame    0x0000000000000000     0x2370
 .debug_frame   0x0000000000000000       0xf0 ./Core/Src/main.o
 .debug_frame   0x00000000000000f0       0x38 ./Core/Src/stm32f4xx_hal_msp.o
 .debug_frame   0x0000000000000128       0xa8 ./Core/Src/stm32f4xx_it.o
 .debug_frame   0x00000000000001d0       0x58 ./Core/Src/system_stm32f4xx.o
 .debug_frame   0x0000000000000228      0x374 ./Drivers/STM32F4xx_HAL_Driver/Src/stm32f4xx_hal.o
 .debug_frame   0x000000000000059c      0x498 ./Drivers/STM32F4xx_HAL_Driver/Src/stm32f4xx_hal_cortex.o
 .debug_frame   0x0000000000000a34      0x14c ./Drivers/STM32F4xx_HAL_Driver/Src/stm32f4xx_hal_gpio.o
 .debug_frame   0x0000000000000b80      0x1f4 ./Drivers/STM32F4xx_HAL_Driver/Src/stm32f4xx_hal_rcc.o
 .debug_frame   0x0000000000000d74       0xd8 ./Middlewares/Third_Party/FreeRTOS/org/source/list.o
 .debug_frame   0x0000000000000e4c      0x534 ./Middlewares/Third_Party/FreeRTOS/org/source/queue.o
 .debug_frame   0x0000000000001380      0x8a4 ./Middlewares/Third_Party/FreeRTOS/org/source/tasks.o
 .debug_frame   0x0000000000001c24      0x3a4 ./Middlewares/Third_Party/FreeRTOS/org/source/timers.o
 .debug_frame   0x0000000000001fc8      0x1a8 ./Middlewares/Third_Party/FreeRTOS/org/source/portable/GCC/ARM_CM4F/port.o
 .debug_frame   0x0000000000002170      0x12c ./Middlewares/Third_Party/FreeRTOS/org/source/portable/MemMang/heap_4.o
 .debug_frame   0x000000000000229c       0x2c d:/st/stm32cubeide_1.9.0/stm32cubeide/plugins/com.st.stm32cube.ide.mcu.externaltools.gnu-tools-for-stm32.10.3-2021.10.win32_1.0.0.202111181127/tools/bin/../lib/gcc/arm-none-eabi/10.3.1/../../../../arm-none-eabi/lib/thumb/v7e-m+fp/hard\libc_nano.a(lib_a-init.o)
 .debug_frame   0x00000000000022c8       0x28 d:/st/stm32cubeide_1.9.0/stm32cubeide/plugins/com.st.stm32cube.ide.mcu.externaltools.gnu-tools-for-stm32.10.3-2021.10.win32_1.0.0.202111181127/tools/bin/../lib/gcc/arm-none-eabi/10.3.1/../../../../arm-none-eabi/lib/thumb/v7e-m+fp/hard\libc_nano.a(lib_a-memcpy-stub.o)
 .debug_frame   0x00000000000022f0       0x20 d:/st/stm32cubeide_1.9.0/stm32cubeide/plugins/com.st.stm32cube.ide.mcu.externaltools.gnu-tools-for-stm32.10.3-2021.10.win32_1.0.0.202111181127/tools/bin/../lib/gcc/arm-none-eabi/10.3.1/../../../../arm-none-eabi/lib/thumb/v7e-m+fp/hard\libc_nano.a(lib_a-memset.o)
 .debug_frame   0x0000000000002310       0x2c d:/st/stm32cubeide_1.9.0/stm32cubeide/plugins/com.st.stm32cube.ide.mcu.externaltools.gnu-tools-for-stm32.10.3-2021.10.win32_1.0.0.202111181127/tools/bin/../lib/gcc/arm-none-eabi/10.3.1/thumb/v7e-m+fp/hard\libgcc.a(_aeabi_uldivmod.o)
 .debug_frame   0x000000000000233c       0x34 d:/st/stm32cubeide_1.9.0/stm32cubeide/plugins/com.st.stm32cube.ide.mcu.externaltools.gnu-tools-for-stm32.10.3-2021.10.win32_1.0.0.202111181127/tools/bin/../lib/gcc/arm-none-eabi/10.3.1/thumb/v7e-m+fp/hard\libgcc.a(_udivmoddi4.o)
